<html>
<body>
<pre>
<h1>礦ision Build Log</h1>
<h2>Tool Versions:</h2>
IDE-Version: μVision V5.36.0.0
Copyright (C) 2021 ARM Ltd and ARM Germany GmbH. All rights reserved.
License Information: h h, h, LIC=CZLZX-H4J9C-VEWHA-1WPIP-81HV0-54PNG
 
Tool Versions:
Toolchain:       MDK-ARM Plus  Version: 5.36.0.0
Toolchain Path:  D:\Keil_v5\ARM\ARMCC\Bin
C Compiler:      Armcc.exe V5.06 update 7 (build 960)
Assembler:       Armasm.exe V5.06 update 7 (build 960)
Linker/Locator:  ArmLink.exe V5.06 update 7 (build 960)
Library Manager: ArmAr.exe V5.06 update 7 (build 960)
Hex Converter:   FromElf.exe V5.06 update 7 (build 960)
CPU DLL:         SARMCM3.DLL V5.36.0.0
Dialog DLL:      DCM.DLL V1.17.3.0
Target DLL:      CMSIS_AGDI.dll V1.33.0.0
Dialog DLL:      TCM.DLL V1.53.0.0
 
<h2>Project:</h2>
D:\XGKJproject\stm32f4\motor_code\improve_part\stepper—梯形加减速实现 - 串口控制\Project\Fire-F407.uvprojx
Project File Date:  04/16/2026

<h2>Output:</h2>
*** Using Compiler 'V5.06 update 7 (build 960)', folder: 'D:\Keil_v5\ARM\ARMCC\Bin'
Rebuild target 'TIM'
assembling startup_stm32f407xx.s...
compiling system_stm32f4xx.c...
compiling stm32f4xx_hal_cec.c...
compiling stm32f4xx_hal_cortex.c...
compiling stm32f4xx_hal.c...
compiling stm32f4xx_hal_can.c...
compiling stm32f4xx_hal_adc_ex.c...
compiling stm32f4xx_hal_adc.c...
compiling stm32f4xx_hal_cryp_ex.c...
compiling stm32f4xx_hal_crc.c...
compiling stm32f4xx_hal_cryp.c...
compiling stm32f4xx_hal_dcmi_ex.c...
compiling stm32f4xx_hal_dcmi.c...
compiling stm32f4xx_hal_dac_ex.c...
compiling stm32f4xx_hal_dac.c...
compiling stm32f4xx_hal_dfsdm.c...
compiling stm32f4xx_hal_eth.c...
compiling stm32f4xx_hal_dma.c...
compiling stm32f4xx_hal_flash.c...
compiling stm32f4xx_hal_dma_ex.c...
compiling stm32f4xx_hal_dma2d.c...
compiling stm32f4xx_hal_dsi.c...
compiling stm32f4xx_hal_flash_ramfunc.c...
compiling stm32f4xx_hal_hash_ex.c...
compiling stm32f4xx_hal_flash_ex.c...
compiling stm32f4xx_hal_fmpi2c_ex.c...
compiling stm32f4xx_hal_hash.c...
compiling stm32f4xx_hal_gpio.c...
compiling stm32f4xx_hal_fmpi2c.c...
compiling stm32f4xx_hal_hcd.c...
compiling stm32f4xx_hal_iwdg.c...
compiling stm32f4xx_hal_i2c_ex.c...
compiling stm32f4xx_hal_i2s.c...
compiling stm32f4xx_hal_irda.c...
compiling stm32f4xx_hal_i2s_ex.c...
compiling stm32f4xx_hal_i2c.c...
compiling stm32f4xx_hal_lptim.c...
compiling stm32f4xx_hal_ltdc_ex.c...
compiling stm32f4xx_hal_ltdc.c...
compiling stm32f4xx_hal_nor.c...
compiling stm32f4xx_hal_mmc.c...
compiling stm32f4xx_hal_pccard.c...
compiling stm32f4xx_hal_nand.c...
compiling stm32f4xx_hal_pwr.c...
compiling stm32f4xx_hal_pwr_ex.c...
compiling stm32f4xx_hal_pcd_ex.c...
compiling stm32f4xx_hal_pcd.c...
compiling stm32f4xx_hal_qspi.c...
compiling stm32f4xx_hal_rcc_ex.c...
compiling stm32f4xx_hal_rcc.c...
compiling stm32f4xx_hal_sai_ex.c...
compiling stm32f4xx_hal_rtc.c...
compiling stm32f4xx_hal_sdram.c...
compiling stm32f4xx_hal_rng.c...
compiling stm32f4xx_hal_sai.c...
compiling stm32f4xx_hal_rtc_ex.c...
compiling stm32f4xx_hal_sd.c...
compiling stm32f4xx_hal_spdifrx.c...
compiling stm32f4xx_hal_uart.c...
compiling stm32f4xx_hal_sram.c...
compiling stm32f4xx_hal_tim_ex.c...
compiling stm32f4xx_hal_smartcard.c...
compiling stm32f4xx_hal_spi.c...
compiling stm32f4xx_hal_tim.c...
compiling stm32f4xx_hal_wwdg.c...
compiling stm32f4xx_ll_sdmmc.c...
compiling stm32f4xx_ll_fsmc.c...
compiling stm32f4xx_hal_usart.c...
compiling stm32f4xx_ll_usb.c...
compiling stm32f4xx_it.c...
compiling main.c...
compiling bsp_led.c...
..\User\led\bsp_led.c(59): warning:  #188-D: enumerated type mixed with another type
  	LED_ALL(LED_OFF);
..\User\led\bsp_led.c(59): warning:  #188-D: enumerated type mixed with another type
  	LED_ALL(LED_OFF);
..\User\led\bsp_led.c(59): warning:  #188-D: enumerated type mixed with another type
  	LED_ALL(LED_OFF);
..\User\led\bsp_led.c(59): warning:  #188-D: enumerated type mixed with another type
  	LED_ALL(LED_OFF);
..\User\led\bsp_led.c: 4 warnings, 0 errors
compiling bsp_debug_usart.c...
compiling core_delay.c...
compiling bsp_stepper_usart_ctl.c...
compiling bsp_stepper_init.c...
compiling bsp_exti.c...
compiling bsp_stepper_T_speed.c...
linking...
Program Size: Code=14604 RO-data=1232 RW-data=64 ZI-data=1432  
"..\Output\YH-F407.axf" - 0 Error(s), 4 Warning(s).

<h2>Software Packages used:</h2>

Package Vendor: Keil
                http://www.keil.com/pack/Keil.STM32F4xx_DFP.2.15.0.pack
                Keil.STM32F4xx_DFP.2.15.0
                STMicroelectronics STM32F4 Series Device Support, Drivers and Examples

<h2>Collection of Component include folders:</h2>
  D:\Keil_v5\PPPPPacks\Keil\STM32F4xx_DFP\2.15.0\Drivers\CMSIS\Device\ST\STM32F4xx\Include

<h2>Collection of Component Files used:</h2>
Build Time Elapsed:  00:01:42
</pre>
</body>
</html>
