Component: ARM Compiler 5.06 update 7 (build 960) Tool: armlink [4d3601]

==============================================================================

Section Cross References

    startup_stm32f407xx.o(RESET) refers to startup_stm32f407xx.o(STACK) for __initial_sp
    startup_stm32f407xx.o(RESET) refers to startup_stm32f407xx.o(.text) for Reset_Handler
    startup_stm32f407xx.o(RESET) refers to stm32f4xx_it.o(i.NMI_Handler) for NMI_Handler
    startup_stm32f407xx.o(RESET) refers to stm32f4xx_it.o(i.HardFault_Handler) for HardFault_Handler
    startup_stm32f407xx.o(RESET) refers to stm32f4xx_it.o(i.MemManage_Handler) for MemManage_Handler
    startup_stm32f407xx.o(RESET) refers to stm32f4xx_it.o(i.BusFault_Handler) for BusFault_Handler
    startup_stm32f407xx.o(RESET) refers to stm32f4xx_it.o(i.UsageFault_Handler) for UsageFault_Handler
    startup_stm32f407xx.o(RESET) refers to stm32f4xx_it.o(i.SVC_Handler) for SVC_Handler
    startup_stm32f407xx.o(RESET) refers to stm32f4xx_it.o(i.DebugMon_Handler) for DebugMon_Handler
    startup_stm32f407xx.o(RESET) refers to stm32f4xx_it.o(i.PendSV_Handler) for PendSV_Handler
    startup_stm32f407xx.o(RESET) refers to stm32f4xx_it.o(i.SysTick_Handler) for SysTick_Handler
    startup_stm32f407xx.o(RESET) refers to bsp_exti.o(i.EXTI0_IRQHandler) for EXTI0_IRQHandler
    startup_stm32f407xx.o(RESET) refers to bsp_exti.o(i.EXTI2_IRQHandler) for EXTI2_IRQHandler
    startup_stm32f407xx.o(RESET) refers to stm32f4xx_it.o(i.USART1_IRQHandler) for USART1_IRQHandler
    startup_stm32f407xx.o(RESET) refers to bsp_stepper_init.o(i.TIM8_CC_IRQHandler) for TIM8_CC_IRQHandler
    startup_stm32f407xx.o(.text) refers to system_stm32f4xx.o(i.SystemInit) for SystemInit
    startup_stm32f407xx.o(.text) refers to entry.o(.ARM.Collect$$$$00000000) for __main
    system_stm32f4xx.o(i.SystemCoreClockUpdate) refers to system_stm32f4xx.o(.data) for SystemCoreClock
    system_stm32f4xx.o(i.SystemCoreClockUpdate) refers to system_stm32f4xx.o(.constdata) for AHBPrescTable
    stm32f4xx_hal.o(i.HAL_DeInit) refers to stm32f4xx_hal.o(i.HAL_MspDeInit) for HAL_MspDeInit
    stm32f4xx_hal.o(i.HAL_Delay) refers to core_delay.o(i.HAL_GetTick) for HAL_GetTick
    stm32f4xx_hal.o(i.HAL_Delay) refers to stm32f4xx_hal.o(.data) for uwTickFreq
    stm32f4xx_hal.o(i.HAL_GetTick) refers to stm32f4xx_hal.o(.data) for uwTick
    stm32f4xx_hal.o(i.HAL_GetTickFreq) refers to stm32f4xx_hal.o(.data) for uwTickFreq
    stm32f4xx_hal.o(i.HAL_GetTickPrio) refers to stm32f4xx_hal.o(.data) for uwTickPrio
    stm32f4xx_hal.o(i.HAL_IncTick) refers to stm32f4xx_hal.o(.data) for uwTick
    stm32f4xx_hal.o(i.HAL_Init) refers to stm32f4xx_hal_cortex.o(i.HAL_NVIC_SetPriorityGrouping) for HAL_NVIC_SetPriorityGrouping
    stm32f4xx_hal.o(i.HAL_Init) refers to core_delay.o(i.HAL_InitTick) for HAL_InitTick
    stm32f4xx_hal.o(i.HAL_Init) refers to stm32f4xx_hal.o(i.HAL_MspInit) for HAL_MspInit
    stm32f4xx_hal.o(i.HAL_InitTick) refers to stm32f4xx_hal_cortex.o(i.HAL_SYSTICK_Config) for HAL_SYSTICK_Config
    stm32f4xx_hal.o(i.HAL_InitTick) refers to stm32f4xx_hal_cortex.o(i.HAL_NVIC_SetPriority) for HAL_NVIC_SetPriority
    stm32f4xx_hal.o(i.HAL_InitTick) refers to stm32f4xx_hal.o(.data) for uwTickFreq
    stm32f4xx_hal.o(i.HAL_InitTick) refers to system_stm32f4xx.o(.data) for SystemCoreClock
    stm32f4xx_hal.o(i.HAL_SetTickFreq) refers to core_delay.o(i.HAL_InitTick) for HAL_InitTick
    stm32f4xx_hal.o(i.HAL_SetTickFreq) refers to stm32f4xx_hal.o(.data) for uwTickFreq
    stm32f4xx_hal_adc.o(i.ADC_DMAConvCplt) refers to stm32f4xx_hal_adc.o(i.HAL_ADC_ConvCpltCallback) for HAL_ADC_ConvCpltCallback
    stm32f4xx_hal_adc.o(i.ADC_DMAConvCplt) refers to stm32f4xx_hal_adc.o(i.HAL_ADC_ErrorCallback) for HAL_ADC_ErrorCallback
    stm32f4xx_hal_adc.o(i.ADC_DMAError) refers to stm32f4xx_hal_adc.o(i.HAL_ADC_ErrorCallback) for HAL_ADC_ErrorCallback
    stm32f4xx_hal_adc.o(i.ADC_DMAHalfConvCplt) refers to stm32f4xx_hal_adc.o(i.HAL_ADC_ConvHalfCpltCallback) for HAL_ADC_ConvHalfCpltCallback
    stm32f4xx_hal_adc.o(i.HAL_ADC_ConfigChannel) refers to system_stm32f4xx.o(.data) for SystemCoreClock
    stm32f4xx_hal_adc.o(i.HAL_ADC_DeInit) refers to stm32f4xx_hal_adc.o(i.HAL_ADC_MspDeInit) for HAL_ADC_MspDeInit
    stm32f4xx_hal_adc.o(i.HAL_ADC_IRQHandler) refers to stm32f4xx_hal_adc.o(i.HAL_ADC_ConvCpltCallback) for HAL_ADC_ConvCpltCallback
    stm32f4xx_hal_adc.o(i.HAL_ADC_IRQHandler) refers to stm32f4xx_hal_adc_ex.o(i.HAL_ADCEx_InjectedConvCpltCallback) for HAL_ADCEx_InjectedConvCpltCallback
    stm32f4xx_hal_adc.o(i.HAL_ADC_IRQHandler) refers to stm32f4xx_hal_adc.o(i.HAL_ADC_LevelOutOfWindowCallback) for HAL_ADC_LevelOutOfWindowCallback
    stm32f4xx_hal_adc.o(i.HAL_ADC_IRQHandler) refers to stm32f4xx_hal_adc.o(i.HAL_ADC_ErrorCallback) for HAL_ADC_ErrorCallback
    stm32f4xx_hal_adc.o(i.HAL_ADC_Init) refers to stm32f4xx_hal_adc.o(i.HAL_ADC_MspInit) for HAL_ADC_MspInit
[...]
    Removing stm32f4xx_ll_usb.o(i.USB_ResetPort), (60 bytes).
    Removing stm32f4xx_ll_usb.o(i.USB_SetCurrentMode), (54 bytes).
    Removing stm32f4xx_ll_usb.o(i.USB_SetDevAddress), (42 bytes).
    Removing stm32f4xx_ll_usb.o(i.USB_SetDevSpeed), (18 bytes).
    Removing stm32f4xx_ll_usb.o(i.USB_SetTurnaroundTime), (232 bytes).
    Removing stm32f4xx_ll_usb.o(i.USB_StopDevice), (92 bytes).
    Removing stm32f4xx_ll_usb.o(i.USB_StopHost), (180 bytes).
    Removing stm32f4xx_ll_usb.o(i.USB_WritePacket), (60 bytes).
    Removing stm32f4xx_ll_usb.o(.data), (4 bytes).
    Removing main.o(.rev16_text), (4 bytes).
    Removing main.o(.revsh_text), (4 bytes).
    Removing main.o(.rrx_text), (6 bytes).
    Removing stm32f4xx_it.o(.rev16_text), (4 bytes).
    Removing stm32f4xx_it.o(.revsh_text), (4 bytes).
    Removing stm32f4xx_it.o(.rrx_text), (6 bytes).
    Removing bsp_debug_usart.o(.rev16_text), (4 bytes).
    Removing bsp_debug_usart.o(.revsh_text), (4 bytes).
    Removing bsp_debug_usart.o(.rrx_text), (6 bytes).
    Removing bsp_debug_usart.o(i.Usart_SendString), (36 bytes).
    Removing bsp_debug_usart.o(i.fgetc), (28 bytes).
    Removing core_delay.o(.rev16_text), (4 bytes).
    Removing core_delay.o(.revsh_text), (4 bytes).
    Removing core_delay.o(.rrx_text), (6 bytes).
    Removing bsp_exti.o(.rev16_text), (4 bytes).
    Removing bsp_exti.o(.revsh_text), (4 bytes).
    Removing bsp_exti.o(.rrx_text), (6 bytes).
    Removing bsp_exti.o(.data), (16 bytes).
    Removing bsp_led.o(.rev16_text), (4 bytes).
    Removing bsp_led.o(.revsh_text), (4 bytes).
    Removing bsp_led.o(.rrx_text), (6 bytes).
    Removing bsp_stepper_init.o(.rev16_text), (4 bytes).
    Removing bsp_stepper_init.o(.revsh_text), (4 bytes).
    Removing bsp_stepper_init.o(.rrx_text), (6 bytes).
    Removing bsp_stepper_t_speed.o(.rev16_text), (4 bytes).
    Removing bsp_stepper_t_speed.o(.revsh_text), (4 bytes).
    Removing bsp_stepper_t_speed.o(.rrx_text), (6 bytes).
    Removing bsp_stepper_usart_ctl.o(.rev16_text), (4 bytes).
    Removing bsp_stepper_usart_ctl.o(.revsh_text), (4 bytes).
    Removing bsp_stepper_usart_ctl.o(.rrx_text), (6 bytes).
    Removing cdcmple.o(.text), (48 bytes).

1388 unused section(s) (total 127494 bytes) removed from the image.

==============================================================================

Image Symbol Table

    Local Symbols

    Symbol Name                              Value     Ov Type        Size  Object(Section)

    ../clib/microlib/ctype/ctype.c           0x00000000   Number         0  isgraph_o.o ABSOLUTE
    ../clib/microlib/ctype/ctype.c           0x00000000   Number         0  iscntrl_o.o ABSOLUTE
    ../clib/microlib/ctype/ctype.c           0x00000000   Number         0  isdigit_o.o ABSOLUTE
    ../clib/microlib/ctype/ctype.c           0x00000000   Number         0  islower_o.o ABSOLUTE
    ../clib/microlib/ctype/ctype.c           0x00000000   Number         0  isupper_o.o ABSOLUTE
    ../clib/microlib/ctype/ctype.c           0x00000000   Number         0  isprint_o.o ABSOLUTE
    ../clib/microlib/ctype/ctype.c           0x00000000   Number         0  isxdigit_o.o ABSOLUTE
    ../clib/microlib/ctype/ctype.c           0x00000000   Number         0  ispunct_o.o ABSOLUTE
    ../clib/microlib/ctype/ctype.c           0x00000000   Number         0  isspace_o.o ABSOLUTE
    ../clib/microlib/ctype/ctype.c           0x00000000   Number         0  ctype_o.o ABSOLUTE
    ../clib/microlib/ctype/ctype.c           0x00000000   Number         0  isalnum_o.o ABSOLUTE
    ../clib/microlib/ctype/ctype.c           0x00000000   Number         0  isalpha_o.o ABSOLUTE
    ../clib/microlib/ctype/ctype.c           0x00000000   Number         0  isblank_o.o ABSOLUTE
    ../clib/microlib/division.c              0x00000000   Number         0  uldiv.o ABSOLUTE
    ../clib/microlib/division.c              0x00000000   Number         0  uidiv.o ABSOLUTE
    ../clib/microlib/errno.c                 0x00000000   Number         0  errno.o ABSOLUTE
    ../clib/microlib/init/entry.s            0x00000000   Number         0  entry9a.o ABSOLUTE
    ../clib/microlib/init/entry.s            0x00000000   Number         0  entry8b.o ABSOLUTE
    ../clib/microlib/init/entry.s            0x00000000   Number         0  entry8a.o ABSOLUTE
    ../clib/microlib/init/entry.s            0x00000000   Number         0  entry7b.o ABSOLUTE
    ../clib/microlib/init/entry.s            0x00000000   Number         0  entry7a.o ABSOLUTE
    ../clib/microlib/init/entry.s            0x00000000   Number         0  entry11b.o ABSOLUTE
    ../clib/microlib/init/entry.s            0x00000000   Number         0  entry5.o ABSOLUTE
    ../clib/microlib/init/entry.s            0x00000000   Number         0  entry2.o ABSOLUTE
    ../clib/microlib/init/entry.s            0x00000000   Number         0  entry11a.o ABSOLUTE
    ../clib/microlib/init/entry.s            0x00000000   Number         0  entry10b.o ABSOLUTE
    ../clib/microlib/init/entry.s            0x00000000   Number         0  entry10a.o ABSOLUTE
    ../clib/microlib/init/entry.s            0x00000000   Number         0  entry9b.o ABSOLUTE
    ../clib/microlib/init/entry.s            0x00000000   Number         0  entry.o ABSOLUTE
    ../clib/microlib/init/entry.s            0x00000000   Number         0  entry12b.o ABSOLUTE
    ../clib/microlib/init/entry.s            0x00000000   Number         0  entry12a.o ABSOLUTE
    ../clib/microlib/longlong.c              0x00000000   Number         0  llushr.o ABSOLUTE
    ../clib/microlib/longlong.c              0x00000000   Number         0  llsshr.o ABSOLUTE
    ../clib/microlib/longlong.c              0x00000000   Number         0  llshl.o ABSOLUTE
    ../clib/microlib/printf/printf.c         0x00000000   Number         0  printf7.o ABSOLUTE
    ../clib/microlib/printf/printf.c         0x00000000   Number         0  printf2.o ABSOLUTE
    ../clib/microlib/printf/printf.c         0x00000000   Number         0  printf3.o ABSOLUTE
    ../clib/microlib/printf/printf.c         0x00000000   Number         0  printf4.o ABSOLUTE
    ../clib/microlib/printf/printf.c         0x00000000   Number         0  printf5.o ABSOLUTE
    ../clib/microlib/printf/printf.c         0x00000000   Number         0  printf6.o ABSOLUTE
    ../clib/microlib/printf/printf.c         0x00000000   Number         0  printf8.o ABSOLUTE
    ../clib/microlib/printf/printf.c         0x00000000   Number         0  printf1.o ABSOLUTE
    ../clib/microlib/printf/printf.c         0x00000000   Number         0  printf0.o ABSOLUTE
    ../clib/microlib/printf/printf.c         0x00000000   Number         0  printfb.o ABSOLUTE
    ../clib/microlib/printf/printf.c         0x00000000   Number         0  printfa.o ABSOLUTE
    ../clib/microlib/printf/stubs.s          0x00000000   Number         0  stubs.o ABSOLUTE
    ../clib/microlib/stdio/streams.c         0x00000000   Number         0  stdout.o ABSOLUTE
    ../clib/microlib/string/memcpy.c         0x00000000   Number         0  memcpya.o ABSOLUTE
    ../clib/microlib/string/memcpy.c         0x00000000   Number         0  memcpyb.o ABSOLUTE
    ../clib/microlib/stubs.s                 0x00000000   Number         0  iusefp.o ABSOLUTE
    ../clib/scanf.c                          0x00000000   Number         0  _chval.o ABSOLUTE
    ../clib/scanf.c                          0x00000000   Number         0  atoi.o ABSOLUTE
    ../clib/scanf.c                          0x00000000   Number         0  strtol.o ABSOLUTE
    ../clib/scanf.c                          0x00000000   Number         0  _strtoul.o ABSOLUTE
    ../fplib/microlib/d2f.c                  0x00000000   Number         0  d2f.o ABSOLUTE
    ../fplib/microlib/f2d.c                  0x00000000   Number         0  f2d.o ABSOLUTE
    ../fplib/microlib/fpadd.c                0x00000000   Number         0  dadd.o ABSOLUTE
    ../fplib/microlib/fpdiv.c                0x00000000   Number         0  ddiv.o ABSOLUTE
    ../fplib/microlib/fpepilogue.c           0x00000000   Number         0  fepilogue.o ABSOLUTE
    ../fplib/microlib/fpepilogue.c           0x00000000   Number         0  depilogue.o ABSOLUTE
    ../fplib/microlib/fpfix.c                0x00000000   Number         0  dfixi.o ABSOLUTE
    ../fplib/microlib/fpfix.c                0x00000000   Number         0  dfixul.o ABSOLUTE
    ../fplib/microlib/fpflt.c                0x00000000   Number         0  dfltui.o ABSOLUTE
    ../fplib/microlib/fpflt.c                0x00000000   Number         0  dflti.o ABSOLUTE
    ../fplib/microlib/fpmul.c                0x00000000   Number         0  dmul.o ABSOLUTE
    ../fplib/microlib/fpsqrt.c               0x00000000   Number         0  dsqrt.o ABSOLUTE
    ../mathlib/sqrt.c                        0x00000000   Number         0  sqrt.o ABSOLUTE
    ../mathlib/sqrt.c                        0x00000000   Number         0  sqrt_x.o ABSOLUTE
    ..\Libraries\CMSIS\Device\ST\STM32F4xx\Source\Templates\arm\startup_stm32f407xx.s 0x00000000   Number         0  startup_stm32f407xx.o ABSOLUTE
    ..\Libraries\CMSIS\Device\ST\STM32F4xx\Source\Templates\system_stm32f4xx.c 0x00000000   Number         0  system_stm32f4xx.o ABSOLUTE
    ..\Libraries\STM32F4xx_HAL_Driver\Src\stm32f4xx_hal.c 0x00000000   Number         0  stm32f4xx_hal.o ABSOLUTE
    ..\Libraries\STM32F4xx_HAL_Driver\Src\stm32f4xx_hal_adc.c 0x00000000   Number         0  stm32f4xx_hal_adc.o ABSOLUTE
    ..\Libraries\STM32F4xx_HAL_Driver\Src\stm32f4xx_hal_adc_ex.c 0x00000000   Number         0  stm32f4xx_hal_adc_ex.o ABSOLUTE
    ..\Libraries\STM32F4xx_HAL_Driver\Src\stm32f4xx_hal_can.c 0x00000000   Number         0  stm32f4xx_hal_can.o ABSOLUTE
    ..\Libraries\STM32F4xx_HAL_Driver\Src\stm32f4xx_hal_cec.c 0x00000000   Number         0  stm32f4xx_hal_cec.o ABSOLUTE
    ..\Libraries\STM32F4xx_HAL_Driver\Src\stm32f4xx_hal_cortex.c 0x00000000   Number         0  stm32f4xx_hal_cortex.o ABSOLUTE
    ..\Libraries\STM32F4xx_HAL_Driver\Src\stm32f4xx_hal_crc.c 0x00000000   Number         0  stm32f4xx_hal_crc.o ABSOLUTE
    ..\Libraries\STM32F4xx_HAL_Driver\Src\stm32f4xx_hal_cryp.c 0x00000000   Number         0  stm32f4xx_hal_cryp.o ABSOLUTE
    ..\Libraries\STM32F4xx_HAL_Driver\Src\stm32f4xx_hal_cryp_ex.c 0x00000000   Number         0  stm32f4xx_hal_cryp_ex.o ABSOLUTE
    ..\Libraries\STM32F4xx_HAL_Driver\Src\stm32f4xx_hal_dac.c 0x00000000   Number         0  stm32f4xx_hal_dac.o ABSOLUTE
    ..\Libraries\STM32F4xx_HAL_Driver\Src\stm32f4xx_hal_dac_ex.c 0x00000000   Number         0  stm32f4xx_hal_dac_ex.o ABSOLUTE
    ..\Libraries\STM32F4xx_HAL_Driver\Src\stm32f4xx_hal_dcmi.c 0x00000000   Number         0  stm32f4xx_hal_dcmi.o ABSOLUTE
    ..\Libraries\STM32F4xx_HAL_Driver\Src\stm32f4xx_hal_dcmi_ex.c 0x00000000   Number         0  stm32f4xx_hal_dcmi_ex.o ABSOLUTE
    ..\Libraries\STM32F4xx_HAL_Driver\Src\stm32f4xx_hal_dfsdm.c 0x00000000   Number         0  stm32f4xx_hal_dfsdm.o ABSOLUTE
    ..\Libraries\STM32F4xx_HAL_Driver\Src\stm32f4xx_hal_dma.c 0x00000000   Number         0  stm32f4xx_hal_dma.o ABSOLUTE
    ..\Libraries\STM32F4xx_HAL_Driver\Src\stm32f4xx_hal_dma2d.c 0x00000000   Number         0  stm32f4xx_hal_dma2d.o ABSOLUTE
    ..\Libraries\STM32F4xx_HAL_Driver\Src\stm32f4xx_hal_dma_ex.c 0x00000000   Number         0  stm32f4xx_hal_dma_ex.o ABSOLUTE
    ..\Libraries\STM32F4xx_HAL_Driver\Src\stm32f4xx_hal_dsi.c 0x00000000   Number         0  stm32f4xx_hal_dsi.o ABSOLUTE
    ..\Libraries\STM32F4xx_HAL_Driver\Src\stm32f4xx_hal_eth.c 0x00000000   Number         0  stm32f4xx_hal_eth.o ABSOLUTE
    ..\Libraries\STM32F4xx_HAL_Driver\Src\stm32f4xx_hal_flash.c 0x00000000   Number         0  stm32f4xx_hal_flash.o ABSOLUTE
    ..\Libraries\STM32F4xx_HAL_Driver\Src\stm32f4xx_hal_flash_ex.c 0x00000000   Number         0  stm32f4xx_hal_flash_ex.o ABSOLUTE
    ..\Libraries\STM32F4xx_HAL_Driver\Src\stm32f4xx_hal_flash_ramfunc.c 0x00000000   Number         0  stm32f4xx_hal_flash_ramfunc.o ABSOLUTE
    ..\Libraries\STM32F4xx_HAL_Driver\Src\stm32f4xx_hal_fmpi2c.c 0x00000000   Number         0  stm32f4xx_hal_fmpi2c.o ABSOLUTE
    ..\Libraries\STM32F4xx_HAL_Driver\Src\stm32f4xx_hal_fmpi2c_ex.c 0x00000000   Number         0  stm32f4xx_hal_fmpi2c_ex.o ABSOLUTE
    ..\Libraries\STM32F4xx_HAL_Driver\Src\stm32f4xx_hal_gpio.c 0x00000000   Number         0  stm32f4xx_hal_gpio.o ABSOLUTE
    ..\Libraries\STM32F4xx_HAL_Driver\Src\stm32f4xx_hal_hash.c 0x00000000   Number         0  stm32f4xx_hal_hash.o ABSOLUTE
    ..\Libraries\STM32F4xx_HAL_Driver\Src\stm32f4xx_hal_hash_ex.c 0x00000000   Number         0  stm32f4xx_hal_hash_ex.o ABSOLUTE
    ..\Libraries\STM32F4xx_HAL_Driver\Src\stm32f4xx_hal_hcd.c 0x00000000   Number         0  stm32f4xx_hal_hcd.o ABSOLUTE
    ..\Libraries\STM32F4xx_HAL_Driver\Src\stm32f4xx_hal_i2c.c 0x00000000   Number         0  stm32f4xx_hal_i2c.o ABSOLUTE
    ..\Libraries\STM32F4xx_HAL_Driver\Src\stm32f4xx_hal_i2c_ex.c 0x00000000   Number         0  stm32f4xx_hal_i2c_ex.o ABSOLUTE
    ..\Libraries\STM32F4xx_HAL_Driver\Src\stm32f4xx_hal_i2s.c 0x00000000   Number         0  stm32f4xx_hal_i2s.o ABSOLUTE
    ..\Libraries\STM32F4xx_HAL_Driver\Src\stm32f4xx_hal_i2s_ex.c 0x00000000   Number         0  stm32f4xx_hal_i2s_ex.o ABSOLUTE
    ..\Libraries\STM32F4xx_HAL_Driver\Src\stm32f4xx_hal_irda.c 0x00000000   Number         0  stm32f4xx_hal_irda.o ABSOLUTE
    ..\Libraries\STM32F4xx_HAL_Driver\Src\stm32f4xx_hal_iwdg.c 0x00000000   Number         0  stm32f4xx_hal_iwdg.o ABSOLUTE
    ..\Libraries\STM32F4xx_HAL_Driver\Src\stm32f4xx_hal_lptim.c 0x00000000   Number         0  stm32f4xx_hal_lptim.o ABSOLUTE
    ..\Libraries\STM32F4xx_HAL_Driver\Src\stm32f4xx_hal_ltdc.c 0x00000000   Number         0  stm32f4xx_hal_ltdc.o ABSOLUTE
    ..\Libraries\STM32F4xx_HAL_Driver\Src\stm32f4xx_hal_ltdc_ex.c 0x00000000   Number         0  stm32f4xx_hal_ltdc_ex.o ABSOLUTE
    ..\Libraries\STM32F4xx_HAL_Driver\Src\stm32f4xx_hal_mmc.c 0x00000000   Number         0  stm32f4xx_hal_mmc.o ABSOLUTE
    ..\Libraries\STM32F4xx_HAL_Driver\Src\stm32f4xx_hal_nand.c 0x00000000   Number         0  stm32f4xx_hal_nand.o ABSOLUTE
    ..\Libraries\STM32F4xx_HAL_Driver\Src\stm32f4xx_hal_nor.c 0x00000000   Number         0  stm32f4xx_hal_nor.o ABSOLUTE
    ..\Libraries\STM32F4xx_HAL_Driver\Src\stm32f4xx_hal_pccard.c 0x00000000   Number         0  stm32f4xx_hal_pccard.o ABSOLUTE
    ..\Libraries\STM32F4xx_HAL_Driver\Src\stm32f4xx_hal_pcd.c 0x00000000   Number         0  stm32f4xx_hal_pcd.o ABSOLUTE
    ..\Libraries\STM32F4xx_HAL_Driver\Src\stm32f4xx_hal_pcd_ex.c 0x00000000   Number         0  stm32f4xx_hal_pcd_ex.o ABSOLUTE
    ..\Libraries\STM32F4xx_HAL_Driver\Src\stm32f4xx_hal_pwr.c 0x00000000   Number         0  stm32f4xx_hal_pwr.o ABSOLUTE
    ..\Libraries\STM32F4xx_HAL_Driver\Src\stm32f4xx_hal_pwr_ex.c 0x00000000   Number         0  stm32f4xx_hal_pwr_ex.o ABSOLUTE
    ..\Libraries\STM32F4xx_HAL_Driver\Src\stm32f4xx_hal_qspi.c 0x00000000   Number         0  stm32f4xx_hal_qspi.o ABSOLUTE
    ..\Libraries\STM32F4xx_HAL_Driver\Src\stm32f4xx_hal_rcc.c 0x00000000   Number         0  stm32f4xx_hal_rcc.o ABSOLUTE
    ..\Libraries\STM32F4xx_HAL_Driver\Src\stm32f4xx_hal_rcc_ex.c 0x00000000   Number         0  stm32f4xx_hal_rcc_ex.o ABSOLUTE
    ..\Libraries\STM32F4xx_HAL_Driver\Src\stm32f4xx_hal_rng.c 0x00000000   Number         0  stm32f4xx_hal_rng.o ABSOLUTE
    ..\Libraries\STM32F4xx_HAL_Driver\Src\stm32f4xx_hal_rtc.c 0x00000000   Number         0  stm32f4xx_hal_rtc.o ABSOLUTE
    ..\Libraries\STM32F4xx_HAL_Driver\Src\stm32f4xx_hal_rtc_ex.c 0x00000000   Number         0  stm32f4xx_hal_rtc_ex.o ABSOLUTE
    ..\Libraries\STM32F4xx_HAL_Driver\Src\stm32f4xx_hal_sai.c 0x00000000   Number         0  stm32f4xx_hal_sai.o ABSOLUTE
    ..\Libraries\STM32F4xx_HAL_Driver\Src\stm32f4xx_hal_sai_ex.c 0x00000000   Number         0  stm32f4xx_hal_sai_ex.o ABSOLUTE
    ..\Libraries\STM32F4xx_HAL_Driver\Src\stm32f4xx_hal_sd.c 0x00000000   Number         0  stm32f4xx_hal_sd.o ABSOLUTE
    ..\Libraries\STM32F4xx_HAL_Driver\Src\stm32f4xx_hal_sdram.c 0x00000000   Number         0  stm32f4xx_hal_sdram.o ABSOLUTE
    ..\Libraries\STM32F4xx_HAL_Driver\Src\stm32f4xx_hal_smartcard.c 0x00000000   Number         0  stm32f4xx_hal_smartcard.o ABSOLUTE
    ..\Libraries\STM32F4xx_HAL_Driver\Src\stm32f4xx_hal_spdifrx.c 0x00000000   Number         0  stm32f4xx_hal_spdifrx.o ABSOLUTE
    ..\Libraries\STM32F4xx_HAL_Driver\Src\stm32f4xx_hal_spi.c 0x00000000   Number         0  stm32f4xx_hal_spi.o ABSOLUTE
    ..\Libraries\STM32F4xx_HAL_Driver\Src\stm32f4xx_hal_sram.c 0x00000000   Number         0  stm32f4xx_hal_sram.o ABSOLUTE
    ..\Libraries\STM32F4xx_HAL_Driver\Src\stm32f4xx_hal_tim.c 0x00000000   Number         0  stm32f4xx_hal_tim.o ABSOLUTE
    ..\Libraries\STM32F4xx_HAL_Driver\Src\stm32f4xx_hal_tim_ex.c 0x00000000   Number         0  stm32f4xx_hal_tim_ex.o ABSOLUTE
    ..\Libraries\STM32F4xx_HAL_Driver\Src\stm32f4xx_hal_uart.c 0x00000000   Number         0  stm32f4xx_hal_uart.o ABSOLUTE
    ..\Libraries\STM32F4xx_HAL_Driver\Src\stm32f4xx_hal_usart.c 0x00000000   Number         0  stm32f4xx_hal_usart.o ABSOLUTE
    ..\Libraries\STM32F4xx_HAL_Driver\Src\stm32f4xx_hal_wwdg.c 0x00000000   Number         0  stm32f4xx_hal_wwdg.o ABSOLUTE
    ..\Libraries\STM32F4xx_HAL_Driver\Src\stm32f4xx_ll_fsmc.c 0x00000000   Number         0  stm32f4xx_ll_fsmc.o ABSOLUTE
    ..\Libraries\STM32F4xx_HAL_Driver\Src\stm32f4xx_ll_sdmmc.c 0x00000000   Number         0  stm32f4xx_ll_sdmmc.o ABSOLUTE
    ..\Libraries\STM32F4xx_HAL_Driver\Src\stm32f4xx_ll_usb.c 0x00000000   Number         0  stm32f4xx_ll_usb.o ABSOLUTE
    ..\User\delay\core_delay.c               0x00000000   Number         0  core_delay.o ABSOLUTE
    ..\User\key\bsp_exti.c                   0x00000000   Number         0  bsp_exti.o ABSOLUTE
    ..\User\led\bsp_led.c                    0x00000000   Number         0  bsp_led.o ABSOLUTE
    ..\User\main.c                           0x00000000   Number         0  main.o ABSOLUTE
    ..\User\stepper\bsp_stepper_T_speed.c    0x00000000   Number         0  bsp_stepper_t_speed.o ABSOLUTE
    ..\User\stepper\bsp_stepper_init.c       0x00000000   Number         0  bsp_stepper_init.o ABSOLUTE
    ..\User\stepper\bsp_stepper_usart_ctl.c  0x00000000   Number         0  bsp_stepper_usart_ctl.o ABSOLUTE
    ..\User\stm32f4xx_it.c                   0x00000000   Number         0  stm32f4xx_it.o ABSOLUTE
    ..\User\usart\bsp_debug_usart.c          0x00000000   Number         0  bsp_debug_usart.o ABSOLUTE
    ..\\Libraries\\CMSIS\\Device\\ST\\STM32F4xx\\Source\\Templates\\system_stm32f4xx.c 0x00000000   Number         0  system_stm32f4xx.o ABSOLUTE
    ..\\Libraries\\STM32F4xx_HAL_Driver\\Src\\stm32f4xx_hal.c 0x00000000   Number         0  stm32f4xx_hal.o ABSOLUTE
    ..\\Libraries\\STM32F4xx_HAL_Driver\\Src\\stm32f4xx_hal_adc.c 0x00000000   Number         0  stm32f4xx_hal_adc.o ABSOLUTE
    ..\\Libraries\\STM32F4xx_HAL_Driver\\Src\\stm32f4xx_hal_adc_ex.c 0x00000000   Number         0  stm32f4xx_hal_adc_ex.o ABSOLUTE
    ..\\Libraries\\STM32F4xx_HAL_Driver\\Src\\stm32f4xx_hal_can.c 0x00000000   Number         0  stm32f4xx_hal_can.o ABSOLUTE
    ..\\Libraries\\STM32F4xx_HAL_Driver\\Src\\stm32f4xx_hal_cec.c 0x00000000   Number         0  stm32f4xx_hal_cec.o ABSOLUTE
    ..\\Libraries\\STM32F4xx_HAL_Driver\\Src\\stm32f4xx_hal_cortex.c 0x00000000   Number         0  stm32f4xx_hal_cortex.o ABSOLUTE
    ..\\Libraries\\STM32F4xx_HAL_Driver\\Src\\stm32f4xx_hal_crc.c 0x00000000   Number         0  stm32f4xx_hal_crc.o ABSOLUTE
    ..\\Libraries\\STM32F4xx_HAL_Driver\\Src\\stm32f4xx_hal_cryp.c 0x00000000   Number         0  stm32f4xx_hal_cryp.o ABSOLUTE
    ..\\Libraries\\STM32F4xx_HAL_Driver\\Src\\stm32f4xx_hal_cryp_ex.c 0x00000000   Number         0  stm32f4xx_hal_cryp_ex.o ABSOLUTE
    ..\\Libraries\\STM32F4xx_HAL_Driver\\Src\\stm32f4xx_hal_dac.c 0x00000000   Number         0  stm32f4xx_hal_dac.o ABSOLUTE
    ..\\Libraries\\STM32F4xx_HAL_Driver\\Src\\stm32f4xx_hal_dac_ex.c 0x00000000   Number         0  stm32f4xx_hal_dac_ex.o ABSOLUTE
    ..\\Libraries\\STM32F4xx_HAL_Driver\\Src\\stm32f4xx_hal_dcmi.c 0x00000000   Number         0  stm32f4xx_hal_dcmi.o ABSOLUTE
    ..\\Libraries\\STM32F4xx_HAL_Driver\\Src\\stm32f4xx_hal_dcmi_ex.c 0x00000000   Number         0  stm32f4xx_hal_dcmi_ex.o ABSOLUTE
    ..\\Libraries\\STM32F4xx_HAL_Driver\\Src\\stm32f4xx_hal_dfsdm.c 0x00000000   Number         0  stm32f4xx_hal_dfsdm.o ABSOLUTE
    ..\\Libraries\\STM32F4xx_HAL_Driver\\Src\\stm32f4xx_hal_dma.c 0x00000000   Number         0  stm32f4xx_hal_dma.o ABSOLUTE
    ..\\Libraries\\STM32F4xx_HAL_Driver\\Src\\stm32f4xx_hal_dma2d.c 0x00000000   Number         0  stm32f4xx_hal_dma2d.o ABSOLUTE
    ..\\Libraries\\STM32F4xx_HAL_Driver\\Src\\stm32f4xx_hal_dma_ex.c 0x00000000   Number         0  stm32f4xx_hal_dma_ex.o ABSOLUTE
    ..\\Libraries\\STM32F4xx_HAL_Driver\\Src\\stm32f4xx_hal_dsi.c 0x00000000   Number         0  stm32f4xx_hal_dsi.o ABSOLUTE
    ..\\Libraries\\STM32F4xx_HAL_Driver\\Src\\stm32f4xx_hal_eth.c 0x00000000   Number         0  stm32f4xx_hal_eth.o ABSOLUTE
    ..\\Libraries\\STM32F4xx_HAL_Driver\\Src\\stm32f4xx_hal_flash.c 0x00000000   Number         0  stm32f4xx_hal_flash.o ABSOLUTE
    ..\\Libraries\\STM32F4xx_HAL_Driver\\Src\\stm32f4xx_hal_flash_ex.c 0x00000000   Number         0  stm32f4xx_hal_flash_ex.o ABSOLUTE
    ..\\Libraries\\STM32F4xx_HAL_Driver\\Src\\stm32f4xx_hal_flash_ramfunc.c 0x00000000   Number         0  stm32f4xx_hal_flash_ramfunc.o ABSOLUTE
    ..\\Libraries\\STM32F4xx_HAL_Driver\\Src\\stm32f4xx_hal_fmpi2c.c 0x00000000   Number         0  stm32f4xx_hal_fmpi2c.o ABSOLUTE
    ..\\Libraries\\STM32F4xx_HAL_Driver\\Src\\stm32f4xx_hal_fmpi2c_ex.c 0x00000000   Number         0  stm32f4xx_hal_fmpi2c_ex.o ABSOLUTE
    ..\\Libraries\\STM32F4xx_HAL_Driver\\Src\\stm32f4xx_hal_gpio.c 0x00000000   Number         0  stm32f4xx_hal_gpio.o ABSOLUTE
    ..\\Libraries\\STM32F4xx_HAL_Driver\\Src\\stm32f4xx_hal_hash.c 0x00000000   Number         0  stm32f4xx_hal_hash.o ABSOLUTE
    ..\\Libraries\\STM32F4xx_HAL_Driver\\Src\\stm32f4xx_hal_hash_ex.c 0x00000000   Number         0  stm32f4xx_hal_hash_ex.o ABSOLUTE
    ..\\Libraries\\STM32F4xx_HAL_Driver\\Src\\stm32f4xx_hal_hcd.c 0x00000000   Number         0  stm32f4xx_hal_hcd.o ABSOLUTE
    ..\\Libraries\\STM32F4xx_HAL_Driver\\Src\\stm32f4xx_hal_i2c.c 0x00000000   Number         0  stm32f4xx_hal_i2c.o ABSOLUTE
    ..\\Libraries\\STM32F4xx_HAL_Driver\\Src\\stm32f4xx_hal_i2c_ex.c 0x00000000   Number         0  stm32f4xx_hal_i2c_ex.o ABSOLUTE
    ..\\Libraries\\STM32F4xx_HAL_Driver\\Src\\stm32f4xx_hal_i2s.c 0x00000000   Number         0  stm32f4xx_hal_i2s.o ABSOLUTE
    ..\\Libraries\\STM32F4xx_HAL_Driver\\Src\\stm32f4xx_hal_i2s_ex.c 0x00000000   Number         0  stm32f4xx_hal_i2s_ex.o ABSOLUTE
    ..\\Libraries\\STM32F4xx_HAL_Driver\\Src\\stm32f4xx_hal_irda.c 0x00000000   Number         0  stm32f4xx_hal_irda.o ABSOLUTE
    ..\\Libraries\\STM32F4xx_HAL_Driver\\Src\\stm32f4xx_hal_iwdg.c 0x00000000   Number         0  stm32f4xx_hal_iwdg.o ABSOLUTE
    ..\\Libraries\\STM32F4xx_HAL_Driver\\Src\\stm32f4xx_hal_lptim.c 0x00000000   Number         0  stm32f4xx_hal_lptim.o ABSOLUTE
    ..\\Libraries\\STM32F4xx_HAL_Driver\\Src\\stm32f4xx_hal_ltdc.c 0x00000000   Number         0  stm32f4xx_hal_ltdc.o ABSOLUTE
    ..\\Libraries\\STM32F4xx_HAL_Driver\\Src\\stm32f4xx_hal_ltdc_ex.c 0x00000000   Number         0  stm32f4xx_hal_ltdc_ex.o ABSOLUTE
    ..\\Libraries\\STM32F4xx_HAL_Driver\\Src\\stm32f4xx_hal_mmc.c 0x00000000   Number         0  stm32f4xx_hal_mmc.o ABSOLUTE
    ..\\Libraries\\STM32F4xx_HAL_Driver\\Src\\stm32f4xx_hal_nand.c 0x00000000   Number         0  stm32f4xx_hal_nand.o ABSOLUTE
    ..\\Libraries\\STM32F4xx_HAL_Driver\\Src\\stm32f4xx_hal_nor.c 0x00000000   Number         0  stm32f4xx_hal_nor.o ABSOLUTE
    ..\\Libraries\\STM32F4xx_HAL_Driver\\Src\\stm32f4xx_hal_pccard.c 0x00000000   Number         0  stm32f4xx_hal_pccard.o ABSOLUTE
    ..\\Libraries\\STM32F4xx_HAL_Driver\\Src\\stm32f4xx_hal_pcd.c 0x00000000   Number         0  stm32f4xx_hal_pcd.o ABSOLUTE
    ..\\Libraries\\STM32F4xx_HAL_Driver\\Src\\stm32f4xx_hal_pcd_ex.c 0x00000000   Number         0  stm32f4xx_hal_pcd_ex.o ABSOLUTE
    ..\\Libraries\\STM32F4xx_HAL_Driver\\Src\\stm32f4xx_hal_pwr.c 0x00000000   Number         0  stm32f4xx_hal_pwr.o ABSOLUTE
    ..\\Libraries\\STM32F4xx_HAL_Driver\\Src\\stm32f4xx_hal_pwr_ex.c 0x00000000   Number         0  stm32f4xx_hal_pwr_ex.o ABSOLUTE
    ..\\Libraries\\STM32F4xx_HAL_Driver\\Src\\stm32f4xx_hal_qspi.c 0x00000000   Number         0  stm32f4xx_hal_qspi.o ABSOLUTE
    ..\\Libraries\\STM32F4xx_HAL_Driver\\Src\\stm32f4xx_hal_rcc.c 0x00000000   Number         0  stm32f4xx_hal_rcc.o ABSOLUTE
    ..\\Libraries\\STM32F4xx_HAL_Driver\\Src\\stm32f4xx_hal_rcc_ex.c 0x00000000   Number         0  stm32f4xx_hal_rcc_ex.o ABSOLUTE
    ..\\Libraries\\STM32F4xx_HAL_Driver\\Src\\stm32f4xx_hal_rng.c 0x00000000   Number         0  stm32f4xx_hal_rng.o ABSOLUTE
    ..\\Libraries\\STM32F4xx_HAL_Driver\\Src\\stm32f4xx_hal_rtc.c 0x00000000   Number         0  stm32f4xx_hal_rtc.o ABSOLUTE
    ..\\Libraries\\STM32F4xx_HAL_Driver\\Src\\stm32f4xx_hal_rtc_ex.c 0x00000000   Number         0  stm32f4xx_hal_rtc_ex.o ABSOLUTE
    ..\\Libraries\\STM32F4xx_HAL_Driver\\Src\\stm32f4xx_hal_sai.c 0x00000000   Number         0  stm32f4xx_hal_sai.o ABSOLUTE
    ..\\Libraries\\STM32F4xx_HAL_Driver\\Src\\stm32f4xx_hal_sai_ex.c 0x00000000   Number         0  stm32f4xx_hal_sai_ex.o ABSOLUTE
    ..\\Libraries\\STM32F4xx_HAL_Driver\\Src\\stm32f4xx_hal_sd.c 0x00000000   Number         0  stm32f4xx_hal_sd.o ABSOLUTE
    ..\\Libraries\\STM32F4xx_HAL_Driver\\Src\\stm32f4xx_hal_sdram.c 0x00000000   Number         0  stm32f4xx_hal_sdram.o ABSOLUTE
    ..\\Libraries\\STM32F4xx_HAL_Driver\\Src\\stm32f4xx_hal_smartcard.c 0x00000000   Number         0  stm32f4xx_hal_smartcard.o ABSOLUTE
    ..\\Libraries\\STM32F4xx_HAL_Driver\\Src\\stm32f4xx_hal_spdifrx.c 0x00000000   Number         0  stm32f4xx_hal_spdifrx.o ABSOLUTE
    ..\\Libraries\\STM32F4xx_HAL_Driver\\Src\\stm32f4xx_hal_spi.c 0x00000000   Number         0  stm32f4xx_hal_spi.o ABSOLUTE
    ..\\Libraries\\STM32F4xx_HAL_Driver\\Src\\stm32f4xx_hal_sram.c 0x00000000   Number         0  stm32f4xx_hal_sram.o ABSOLUTE
    ..\\Libraries\\STM32F4xx_HAL_Driver\\Src\\stm32f4xx_hal_tim.c 0x00000000   Number         0  stm32f4xx_hal_tim.o ABSOLUTE
    ..\\Libraries\\STM32F4xx_HAL_Driver\\Src\\stm32f4xx_hal_tim_ex.c 0x00000000   Number         0  stm32f4xx_hal_tim_ex.o ABSOLUTE
    ..\\Libraries\\STM32F4xx_HAL_Driver\\Src\\stm32f4xx_hal_uart.c 0x00000000   Number         0  stm32f4xx_hal_uart.o ABSOLUTE
    ..\\Libraries\\STM32F4xx_HAL_Driver\\Src\\stm32f4xx_hal_usart.c 0x00000000   Number         0  stm32f4xx_hal_usart.o ABSOLUTE
    ..\\Libraries\\STM32F4xx_HAL_Driver\\Src\\stm32f4xx_hal_wwdg.c 0x00000000   Number         0  stm32f4xx_hal_wwdg.o ABSOLUTE
    ..\\Libraries\\STM32F4xx_HAL_Driver\\Src\\stm32f4xx_ll_fsmc.c 0x00000000   Number         0  stm32f4xx_ll_fsmc.o ABSOLUTE
    ..\\Libraries\\STM32F4xx_HAL_Driver\\Src\\stm32f4xx_ll_sdmmc.c 0x00000000   Number         0  stm32f4xx_ll_sdmmc.o ABSOLUTE
    ..\\Libraries\\STM32F4xx_HAL_Driver\\Src\\stm32f4xx_ll_usb.c 0x00000000   Number         0  stm32f4xx_ll_usb.o ABSOLUTE
    ..\\User\\delay\\core_delay.c            0x00000000   Number         0  core_delay.o ABSOLUTE
    ..\\User\\key\\bsp_exti.c                0x00000000   Number         0  bsp_exti.o ABSOLUTE
    ..\\User\\led\\bsp_led.c                 0x00000000   Number         0  bsp_led.o ABSOLUTE
    ..\\User\\main.c                         0x00000000   Number         0  main.o ABSOLUTE
    ..\\User\\stepper\\bsp_stepper_T_speed.c 0x00000000   Number         0  bsp_stepper_t_speed.o ABSOLUTE
    ..\\User\\stepper\\bsp_stepper_init.c    0x00000000   Number         0  bsp_stepper_init.o ABSOLUTE
    ..\\User\\stepper\\bsp_stepper_usart_ctl.c 0x00000000   Number         0  bsp_stepper_usart_ctl.o ABSOLUTE
    ..\\User\\stm32f4xx_it.c                 0x00000000   Number         0  stm32f4xx_it.o ABSOLUTE
    ..\\User\\usart\\bsp_debug_usart.c       0x00000000   Number         0  bsp_debug_usart.o ABSOLUTE
    cdcmple.s                                0x00000000   Number         0  cdcmple.o ABSOLUTE
    cdrcmple.s                               0x00000000   Number         0  cdrcmple.o ABSOLUTE
    dc.s                                     0x00000000   Number         0  dc.o ABSOLUTE
    handlers.s                               0x00000000   Number         0  handlers.o ABSOLUTE
    init.s                                   0x00000000   Number         0  init.o ABSOLUTE
    RESET                                    0x08000000   Section      392  startup_stm32f407xx.o(RESET)
    .ARM.Collect$$$$00000000                 0x08000188   Section        0  entry.o(.ARM.Collect$$$$00000000)
    .ARM.Collect$$$$00000001                 0x08000188   Section        4  entry2.o(.ARM.Collect$$$$00000001)
    .ARM.Collect$$$$00000004                 0x0800018c   Section        4  entry5.o(.ARM.Collect$$$$00000004)
    .ARM.Collect$$$$00000008                 0x08000190   Section        0  entry7b.o(.ARM.Collect$$$$00000008)
    .ARM.Collect$$$$0000000A                 0x08000190   Section        0  entry8b.o(.ARM.Collect$$$$0000000A)
    .ARM.Collect$$$$0000000B                 0x08000190   Section        8  entry9a.o(.ARM.Collect$$$$0000000B)
    .ARM.Collect$$$$0000000E                 0x08000198   Section        4  entry12b.o(.ARM.Collect$$$$0000000E)
    .ARM.Collect$$$$0000000F                 0x0800019c   Section        0  entry10a.o(.ARM.Collect$$$$0000000F)
    .ARM.Collect$$$$00000011                 0x0800019c   Section        0  entry11a.o(.ARM.Collect$$$$00000011)
    .ARM.Collect$$$$00002712                 0x0800019c   Section        4  entry2.o(.ARM.Collect$$$$00002712)
    __lit__00000000                          0x0800019c   Data           4  entry2.o(.ARM.Collect$$$$00002712)
    .text                                    0x080001a0   Section       36  startup_stm32f407xx.o(.text)
    $v0                                      0x080001a0   Number         0  startup_stm32f407xx.o(.text)
    .text                                    0x080001c4   Section        0  uldiv.o(.text)
    .text                                    0x08000226   Section        0  atoi.o(.text)
    .text                                    0x08000240   Section        0  dmul.o(.text)
    .text                                    0x08000324   Section        0  ddiv.o(.text)
    .text                                    0x08000402   Section        0  dflti.o(.text)
    .text                                    0x08000424   Section        0  dfltui.o(.text)
    .text                                    0x0800043e   Section        0  dfixi.o(.text)
    .text                                    0x0800047c   Section        0  f2d.o(.text)
    .text                                    0x080004a2   Section        0  d2f.o(.text)
    .text                                    0x080004da   Section        0  uidiv.o(.text)
    .text                                    0x08000506   Section        0  llshl.o(.text)
    .text                                    0x08000524   Section        0  llushr.o(.text)
    .text                                    0x08000544   Section        0  strtol.o(.text)
    .text                                    0x080005b4   Section        0  iusefp.o(.text)
    .text                                    0x080005b4   Section        0  fepilogue.o(.text)
    .text                                    0x08000622   Section        0  depilogue.o(.text)
    .text                                    0x080006dc   Section        0  dadd.o(.text)
    .text                                    0x0800082a   Section        0  dsqrt.o(.text)
    .text                                    0x080008cc   Section        0  dfixul.o(.text)
    .text                                    0x080008fc   Section       48  cdrcmple.o(.text)
    .text                                    0x0800092c   Section       36  init.o(.text)
    .text                                    0x08000950   Section        0  llsshr.o(.text)
    .text                                    0x08000974   Section        0  ctype_o.o(.text)
    .text                                    0x0800097c   Section        0  _strtoul.o(.text)
    .text                                    0x08000a1a   Section        0  _chval.o(.text)
    i.BusFault_Handler                       0x08000a36   Section        0  stm32f4xx_it.o(i.BusFault_Handler)
    i.CPU_TS_TmrRd                           0x08000a3c   Section        0  core_delay.o(i.CPU_TS_TmrRd)
    i.CPU_TS_Tmr_Delay_US                    0x08000a48   Section        0  core_delay.o(i.CPU_TS_Tmr_Delay_US)
    i.DEBUG_USART_Config                     0x08000a98   Section        0  bsp_debug_usart.o(i.DEBUG_USART_Config)
    i.DealSerialData                         0x08000ad4   Section        0  bsp_stepper_usart_ctl.o(i.DealSerialData)
    i.DebugMon_Handler                       0x08000ebc   Section        0  stm32f4xx_it.o(i.DebugMon_Handler)
    i.EXTI0_IRQHandler                       0x08000ec0   Section        0  bsp_exti.o(i.EXTI0_IRQHandler)
    i.EXTI2_IRQHandler                       0x08000ef0   Section        0  bsp_exti.o(i.EXTI2_IRQHandler)
    i.EXTI_Key_Config                        0x08000f20   Section        0  bsp_exti.o(i.EXTI_Key_Config)
    i.HAL_GPIO_Init                          0x08000fb8   Section        0  stm32f4xx_hal_gpio.o(i.HAL_GPIO_Init)
    i.HAL_GPIO_WritePin                      0x080011b8   Section        0  stm32f4xx_hal_gpio.o(i.HAL_GPIO_WritePin)
    i.HAL_GetREVID                           0x080011c4   Section        0  stm32f4xx_hal.o(i.HAL_GetREVID)
    i.HAL_GetTick                            0x080011d0   Section        0  core_delay.o(i.HAL_GetTick)
    i.HAL_IncTick                            0x080011ec   Section        0  stm32f4xx_hal.o(i.HAL_IncTick)
    i.HAL_InitTick                           0x08001204   Section        0  core_delay.o(i.HAL_InitTick)
    i.HAL_NVIC_EnableIRQ                     0x08001230   Section        0  stm32f4xx_hal_cortex.o(i.HAL_NVIC_EnableIRQ)
    i.HAL_NVIC_SetPriority                   0x08001250   Section        0  stm32f4xx_hal_cortex.o(i.HAL_NVIC_SetPriority)
    i.HAL_RCC_ClockConfig                    0x080012cc   Section        0  stm32f4xx_hal_rcc.o(i.HAL_RCC_ClockConfig)
    i.HAL_RCC_GetHCLKFreq                    0x0800144c   Section        0  stm32f4xx_hal_rcc.o(i.HAL_RCC_GetHCLKFreq)
    i.HAL_RCC_GetPCLK1Freq                   0x08001458   Section        0  stm32f4xx_hal_rcc.o(i.HAL_RCC_GetPCLK1Freq)
    i.HAL_RCC_GetPCLK2Freq                   0x08001478   Section        0  stm32f4xx_hal_rcc.o(i.HAL_RCC_GetPCLK2Freq)
    i.HAL_RCC_GetSysClockFreq                0x08001498   Section        0  stm32f4xx_hal_rcc.o(i.HAL_RCC_GetSysClockFreq)
    i.HAL_RCC_OscConfig                      0x08001548   Section        0  stm32f4xx_hal_rcc.o(i.HAL_RCC_OscConfig)
    i.HAL_TIM_OC_ConfigChannel               0x08001990   Section        0  stm32f4xx_hal_tim.o(i.HAL_TIM_OC_ConfigChannel)
    i.HAL_TIM_OC_Init                        0x08001a04   Section        0  stm32f4xx_hal_tim.o(i.HAL_TIM_OC_Init)
    i.HAL_TIM_OC_MspInit                     0x08001a38   Section        0  stm32f4xx_hal_tim.o(i.HAL_TIM_OC_MspInit)
    i.HAL_TIM_OC_Stop_IT                     0x08001a3c   Section        0  stm32f4xx_hal_tim.o(i.HAL_TIM_OC_Stop_IT)
    i.HAL_UART_Init                          0x08001b08   Section        0  stm32f4xx_hal_uart.o(i.HAL_UART_Init)
    i.HAL_UART_MspInit                       0x08001b7c   Section        0  bsp_debug_usart.o(i.HAL_UART_MspInit)
    i.HAL_UART_Transmit                      0x08001c2c   Section        0  stm32f4xx_hal_uart.o(i.HAL_UART_Transmit)
    i.HardFault_Handler                      0x08001d02   Section        0  stm32f4xx_it.o(i.HardFault_Handler)
    i.LED_GPIO_Config                        0x08001d08   Section        0  bsp_led.o(i.LED_GPIO_Config)
    i.MSD_ENA                                0x08001ddc   Section        0  bsp_stepper_t_speed.o(i.MSD_ENA)
    i.MSD_demo_run                           0x08001e2c   Section        0  bsp_stepper_usart_ctl.o(i.MSD_demo_run)
    i.MemManage_Handler                      0x08001f18   Section        0  stm32f4xx_it.o(i.MemManage_Handler)
    i.NMI_Handler                            0x08001f1c   Section        0  stm32f4xx_it.o(i.NMI_Handler)
    i.PendSV_Handler                         0x08001f1e   Section        0  stm32f4xx_it.o(i.PendSV_Handler)
    i.SVC_Handler                            0x08001f20   Section        0  stm32f4xx_it.o(i.SVC_Handler)
    i.ShowData                               0x08001f24   Section        0  bsp_stepper_usart_ctl.o(i.ShowData)
    i.ShowHelp                               0x080020b0   Section        0  bsp_stepper_usart_ctl.o(i.ShowHelp)
    i.StepperCounter                         0x080021c0   Section        0  bsp_stepper_t_speed.o(i.StepperCounter)
    i.Stepper_GPIO_Config                    0x080021e0   Section        0  bsp_stepper_init.o(i.Stepper_GPIO_Config)
    Stepper_GPIO_Config                      0x080021e1   Thumb Code   160  bsp_stepper_init.o(i.Stepper_GPIO_Config)
    i.SysTick_Handler                        0x0800228c   Section        0  stm32f4xx_it.o(i.SysTick_Handler)
    i.SystemClock_Config                     0x08002294   Section        0  main.o(i.SystemClock_Config)
    i.SystemInit                             0x08002354   Section        0  system_stm32f4xx.o(i.SystemInit)
    i.TIM8_CC_IRQHandler                     0x080023b8   Section        0  bsp_stepper_init.o(i.TIM8_CC_IRQHandler)
    i.TIM_Base_SetConfig                     0x080023c0   Section        0  stm32f4xx_hal_tim.o(i.TIM_Base_SetConfig)
    i.TIM_CCxChannelCmd                      0x08002498   Section        0  stm32f4xx_hal_tim.o(i.TIM_CCxChannelCmd)
    i.TIM_OC1_SetConfig                      0x080024bc   Section        0  stm32f4xx_hal_tim.o(i.TIM_OC1_SetConfig)
    TIM_OC1_SetConfig                        0x080024bd   Thumb Code   104  stm32f4xx_hal_tim.o(i.TIM_OC1_SetConfig)
    i.TIM_OC2_SetConfig                      0x0800252c   Section        0  stm32f4xx_hal_tim.o(i.TIM_OC2_SetConfig)
    i.TIM_OC3_SetConfig                      0x080025a8   Section        0  stm32f4xx_hal_tim.o(i.TIM_OC3_SetConfig)
    TIM_OC3_SetConfig                        0x080025a9   Thumb Code   112  stm32f4xx_hal_tim.o(i.TIM_OC3_SetConfig)
    i.TIM_OC4_SetConfig                      0x08002620   Section        0  stm32f4xx_hal_tim.o(i.TIM_OC4_SetConfig)
    TIM_OC4_SetConfig                        0x08002621   Thumb Code    74  stm32f4xx_hal_tim.o(i.TIM_OC4_SetConfig)
    i.TIM_PWMOUTPUT_Config                   0x08002674   Section        0  bsp_stepper_init.o(i.TIM_PWMOUTPUT_Config)
    i.TIMx_NVIC_Configuration                0x080026ec   Section        0  bsp_stepper_init.o(i.TIMx_NVIC_Configuration)
    TIMx_NVIC_Configuration                  0x080026ed   Thumb Code    20  bsp_stepper_init.o(i.TIMx_NVIC_Configuration)
    i.UART_SetConfig                         0x08002700   Section        0  stm32f4xx_hal_uart.o(i.UART_SetConfig)
    UART_SetConfig                           0x08002701   Thumb Code   864  stm32f4xx_hal_uart.o(i.UART_SetConfig)
    i.UART_WaitOnFlagUntilTimeout            0x08002a68   Section        0  stm32f4xx_hal_uart.o(i.UART_WaitOnFlagUntilTimeout)
    UART_WaitOnFlagUntilTimeout              0x08002a69   Thumb Code   108  stm32f4xx_hal_uart.o(i.UART_WaitOnFlagUntilTimeout)
    i.USART1_IRQHandler                      0x08002ad4   Section        0  stm32f4xx_it.o(i.USART1_IRQHandler)
    i.UsageFault_Handler                     0x08002b9c   Section        0  stm32f4xx_it.o(i.UsageFault_Handler)
    i.Usart_SendByte                         0x08002ba0   Section        0  stm32f4xx_it.o(i.Usart_SendByte)
    i.__0printf                              0x08002bac   Section        0  printfa.o(i.__0printf)
    i.__NVIC_GetPriorityGrouping             0x08002bcc   Section        0  stm32f4xx_hal_cortex.o(i.__NVIC_GetPriorityGrouping)
    __NVIC_GetPriorityGrouping               0x08002bcd   Thumb Code    10  stm32f4xx_hal_cortex.o(i.__NVIC_GetPriorityGrouping)
    i.__NVIC_SetPriority                     0x08002bdc   Section        0  stm32f4xx_hal_cortex.o(i.__NVIC_SetPriority)
    __NVIC_SetPriority                       0x08002bdd   Thumb Code    32  stm32f4xx_hal_cortex.o(i.__NVIC_SetPriority)
    i.__aeabi_errno_addr                     0x08002c04   Section        0  errno.o(i.__aeabi_errno_addr)
    i.__hardfp_sqrt                          0x08002c0c   Section        0  sqrt.o(i.__hardfp_sqrt)
    i.__scatterload_copy                     0x08002c86   Section       14  handlers.o(i.__scatterload_copy)
    i.__scatterload_null                     0x08002c94   Section        2  handlers.o(i.__scatterload_null)
    i.__scatterload_zeroinit                 0x08002c96   Section       14  handlers.o(i.__scatterload_zeroinit)
    i.__set_errno                            0x08002ca4   Section        0  errno.o(i.__set_errno)
    i._fp_digits                             0x08002cb0   Section        0  printfa.o(i._fp_digits)
    _fp_digits                               0x08002cb1   Thumb Code   366  printfa.o(i._fp_digits)
    i._printf_core                           0x08002e34   Section        0  printfa.o(i._printf_core)
    _printf_core                             0x08002e35   Thumb Code  1704  printfa.o(i._printf_core)
    i._printf_post_padding                   0x080034e8   Section        0  printfa.o(i._printf_post_padding)
    _printf_post_padding                     0x080034e9   Thumb Code    36  printfa.o(i._printf_post_padding)
    i._printf_pre_padding                    0x0800350c   Section        0  printfa.o(i._printf_pre_padding)
    _printf_pre_padding                      0x0800350d   Thumb Code    46  printfa.o(i._printf_pre_padding)
    i.fputc                                  0x0800353c   Section        0  bsp_debug_usart.o(i.fputc)
    i.main                                   0x08003558   Section        0  main.o(i.main)
    i.speed_decision                         0x080035b8   Section        0  bsp_stepper_t_speed.o(i.speed_decision)
    i.stepper_Init                           0x080037e0   Section        0  bsp_stepper_init.o(i.stepper_Init)
    i.stepper_move_T                         0x080037f0   Section        0  bsp_stepper_t_speed.o(i.stepper_move_T)
    i.uart_FlushRxBuffer                     0x08003a7c   Section        0  bsp_debug_usart.o(i.uart_FlushRxBuffer)
    .constdata                               0x08003a94   Section       24  system_stm32f4xx.o(.constdata)
    .constdata                               0x08003aac   Section      129  ctype_o.o(.constdata)
    .constdata                               0x08003b30   Section        4  ctype_o.o(.constdata)
    table                                    0x08003b30   Data           4  ctype_o.o(.constdata)
    .conststring                             0x08003b34   Section      143  bsp_stepper_t_speed.o(.conststring)
    .conststring                             0x08003bc4   Section      501  bsp_stepper_usart_ctl.o(.conststring)
    .data                                    0x20000000   Section        4  system_stm32f4xx.o(.data)
    .data                                    0x20000004   Section        9  stm32f4xx_hal.o(.data)
    .data                                    0x2000000d   Section        1  bsp_debug_usart.o(.data)
    .data                                    0x20000010   Section       17  bsp_stepper_t_speed.o(.data)
    last_accel_delay                         0x20000016   Data           2  bsp_stepper_t_speed.o(.data)
    step_count                               0x20000018   Data           4  bsp_stepper_t_speed.o(.data)
    rest                                     0x2000001c   Data           4  bsp_stepper_t_speed.o(.data)
    i                                        0x20000020   Data           1  bsp_stepper_t_speed.o(.data)
    .data                                    0x20000024   Section       20  bsp_stepper_usart_ctl.o(.data)
    showflag                                 0x20000024   Data           1  bsp_stepper_usart_ctl.o(.data)
    steps                                    0x20000028   Data           4  bsp_stepper_usart_ctl.o(.data)
    accel_val                                0x2000002c   Data           4  bsp_stepper_usart_ctl.o(.data)
    decel_val                                0x20000030   Data           4  bsp_stepper_usart_ctl.o(.data)
    speed                                    0x20000034   Data           4  bsp_stepper_usart_ctl.o(.data)
    .data                                    0x20000038   Section        4  stdout.o(.data)
    .data                                    0x2000003c   Section        4  errno.o(.data)
    _errno                                   0x2000003c   Data           4  errno.o(.data)
    .bss                                     0x20000040   Section      320  bsp_debug_usart.o(.bss)
    .bss                                     0x20000180   Section       64  bsp_stepper_init.o(.bss)
    .bss                                     0x200001c0   Section       24  bsp_stepper_t_speed.o(.bss)
    STACK                                    0x200001d8   Section     1024  startup_stm32f407xx.o(STACK)

    Global Symbols

    Symbol Name                              Value     Ov Type        Size  Object(Section)

    BuildAttributes$$THM_ISAv4$E$P$D$K$B$S$7EM$VFPi3$EXTD16$VFPS$VFMA$PE$A:L22UL41UL21$X:L11$S22US41US21$IEEE1$IW$USESV6$~STKCKD$USESV7$~SHL$OTIME$ROPI$IEEEJ$EBA8$MICROLIB$REQ8$PRES8$EABIv2 0x00000000   Number         0  anon$$obj.o ABSOLUTE
    __ARM_use_no_argv                        0x00000000   Number         0  main.o ABSOLUTE
    _printf_a                                0x00000000   Number         0  stubs.o ABSOLUTE
    _printf_c                                0x00000000   Number         0  stubs.o ABSOLUTE
    _printf_charcount                        0x00000000   Number         0  stubs.o ABSOLUTE
    _printf_d                                0x00000000   Number         0  stubs.o ABSOLUTE
    _printf_e                                0x00000000   Number         0  stubs.o ABSOLUTE
    _printf_f                                0x00000000   Number         0  stubs.o ABSOLUTE
    _printf_flags                            0x00000000   Number         0  stubs.o ABSOLUTE
    _printf_fp_dec                           0x00000000   Number         0  stubs.o ABSOLUTE
    _printf_fp_hex                           0x00000000   Number         0  stubs.o ABSOLUTE
    _printf_g                                0x00000000   Number         0  stubs.o ABSOLUTE
    _printf_i                                0x00000000   Number         0  stubs.o ABSOLUTE
    _printf_int_dec                          0x00000000   Number         0  stubs.o ABSOLUTE
    _printf_l                                0x00000000   Number         0  stubs.o ABSOLUTE
    _printf_lc                               0x00000000   Number         0  stubs.o ABSOLUTE
    _printf_ll                               0x00000000   Number         0  stubs.o ABSOLUTE
    _printf_lld                              0x00000000   Number         0  stubs.o ABSOLUTE
    _printf_lli                              0x00000000   Number         0  stubs.o ABSOLUTE
    _printf_llo                              0x00000000   Number         0  stubs.o ABSOLUTE
    _printf_llu                              0x00000000   Number         0  stubs.o ABSOLUTE
    _printf_llx                              0x00000000   Number         0  stubs.o ABSOLUTE
    _printf_longlong_dec                     0x00000000   Number         0  stubs.o ABSOLUTE
    _printf_longlong_hex                     0x00000000   Number         0  stubs.o ABSOLUTE
    _printf_longlong_oct                     0x00000000   Number         0  stubs.o ABSOLUTE
    _printf_ls                               0x00000000   Number         0  stubs.o ABSOLUTE
    _printf_mbtowc                           0x00000000   Number         0  stubs.o ABSOLUTE
    _printf_n                                0x00000000   Number         0  stubs.o ABSOLUTE
    _printf_o                                0x00000000   Number         0  stubs.o ABSOLUTE
    _printf_p                                0x00000000   Number         0  stubs.o ABSOLUTE
    _printf_percent                          0x00000000   Number         0  stubs.o ABSOLUTE
    _printf_pre_padding                      0x00000000   Number         0  stubs.o ABSOLUTE
    _printf_return_value                     0x00000000   Number         0  stubs.o ABSOLUTE
    _printf_s                                0x00000000   Number         0  stubs.o ABSOLUTE
    _printf_sizespec                         0x00000000   Number         0  stubs.o ABSOLUTE
    _printf_str                              0x00000000   Number         0  stubs.o ABSOLUTE
    _printf_truncate_signed                  0x00000000   Number         0  stubs.o ABSOLUTE
    _printf_truncate_unsigned                0x00000000   Number         0  stubs.o ABSOLUTE
    _printf_u                                0x00000000   Number         0  stubs.o ABSOLUTE
    _printf_wc                               0x00000000   Number         0  stubs.o ABSOLUTE
    _printf_wctomb                           0x00000000   Number         0  stubs.o ABSOLUTE
    _printf_widthprec                        0x00000000   Number         0  stubs.o ABSOLUTE
    _printf_x                                0x00000000   Number         0  stubs.o ABSOLUTE
    __arm_fini_                               - Undefined Weak Reference
    __cpp_initialize__aeabi_                  - Undefined Weak Reference
    __cxa_finalize                            - Undefined Weak Reference
    __decompress                              - Undefined Weak Reference
    _clock_init                               - Undefined Weak Reference
    _microlib_exit                            - Undefined Weak Reference
    __Vectors_Size                           0x00000188   Number         0  startup_stm32f407xx.o ABSOLUTE
    __Vectors                                0x08000000   Data           4  startup_stm32f407xx.o(RESET)
    __Vectors_End                            0x08000188   Data           0  startup_stm32f407xx.o(RESET)
    __main                                   0x08000189   Thumb Code     0  entry.o(.ARM.Collect$$$$00000000)
    _main_stk                                0x08000189   Thumb Code     0  entry2.o(.ARM.Collect$$$$00000001)
    _main_scatterload                        0x0800018d   Thumb Code     0  entry5.o(.ARM.Collect$$$$00000004)
    __main_after_scatterload                 0x08000191   Thumb Code     0  entry5.o(.ARM.Collect$$$$00000004)
    _main_clock                              0x08000191   Thumb Code     0  entry7b.o(.ARM.Collect$$$$00000008)
    _main_cpp_init                           0x08000191   Thumb Code     0  entry8b.o(.ARM.Collect$$$$0000000A)
    _main_init                               0x08000191   Thumb Code     0  entry9a.o(.ARM.Collect$$$$0000000B)
    __rt_lib_shutdown_fini                   0x08000199   Thumb Code     0  entry12b.o(.ARM.Collect$$$$0000000E)
    __rt_final_cpp                           0x0800019d   Thumb Code     0  entry10a.o(.ARM.Collect$$$$0000000F)
    __rt_final_exit                          0x0800019d   Thumb Code     0  entry11a.o(.ARM.Collect$$$$00000011)
    Reset_Handler                            0x080001a1   Thumb Code     8  startup_stm32f407xx.o(.text)
    ADC_IRQHandler                           0x080001bb   Thumb Code     0  startup_stm32f407xx.o(.text)
    CAN1_RX0_IRQHandler                      0x080001bb   Thumb Code     0  startup_stm32f407xx.o(.text)
    CAN1_RX1_IRQHandler                      0x080001bb   Thumb Code     0  startup_stm32f407xx.o(.text)
    CAN1_SCE_IRQHandler                      0x080001bb   Thumb Code     0  startup_stm32f407xx.o(.text)
    CAN1_TX_IRQHandler                       0x080001bb   Thumb Code     0  startup_stm32f407xx.o(.text)
    CAN2_RX0_IRQHandler                      0x080001bb   Thumb Code     0  startup_stm32f407xx.o(.text)
    CAN2_RX1_IRQHandler                      0x080001bb   Thumb Code     0  startup_stm32f407xx.o(.text)
    CAN2_SCE_IRQHandler                      0x080001bb   Thumb Code     0  startup_stm32f407xx.o(.text)
    CAN2_TX_IRQHandler                       0x080001bb   Thumb Code     0  startup_stm32f407xx.o(.text)
    DCMI_IRQHandler                          0x080001bb   Thumb Code     0  startup_stm32f407xx.o(.text)
    DMA1_Stream0_IRQHandler                  0x080001bb   Thumb Code     0  startup_stm32f407xx.o(.text)
    DMA1_Stream1_IRQHandler                  0x080001bb   Thumb Code     0  startup_stm32f407xx.o(.text)
    DMA1_Stream2_IRQHandler                  0x080001bb   Thumb Code     0  startup_stm32f407xx.o(.text)
    DMA1_Stream3_IRQHandler                  0x080001bb   Thumb Code     0  startup_stm32f407xx.o(.text)
    DMA1_Stream4_IRQHandler                  0x080001bb   Thumb Code     0  startup_stm32f407xx.o(.text)
    DMA1_Stream5_IRQHandler                  0x080001bb   Thumb Code     0  startup_stm32f407xx.o(.text)
    DMA1_Stream6_IRQHandler                  0x080001bb   Thumb Code     0  startup_stm32f407xx.o(.text)
    DMA1_Stream7_IRQHandler                  0x080001bb   Thumb Code     0  startup_stm32f407xx.o(.text)
    DMA2_Stream0_IRQHandler                  0x080001bb   Thumb Code     0  startup_stm32f407xx.o(.text)
    DMA2_Stream1_IRQHandler                  0x080001bb   Thumb Code     0  startup_stm32f407xx.o(.text)
    DMA2_Stream2_IRQHandler                  0x080001bb   Thumb Code     0  startup_stm32f407xx.o(.text)
    DMA2_Stream3_IRQHandler                  0x080001bb   Thumb Code     0  startup_stm32f407xx.o(.text)
    DMA2_Stream4_IRQHandler                  0x080001bb   Thumb Code     0  startup_stm32f407xx.o(.text)
    DMA2_Stream5_IRQHandler                  0x080001bb   Thumb Code     0  startup_stm32f407xx.o(.text)
    DMA2_Stream6_IRQHandler                  0x080001bb   Thumb Code     0  startup_stm32f407xx.o(.text)
    DMA2_Stream7_IRQHandler                  0x080001bb   Thumb Code     0  startup_stm32f407xx.o(.text)
    ETH_IRQHandler                           0x080001bb   Thumb Code     0  startup_stm32f407xx.o(.text)
    ETH_WKUP_IRQHandler                      0x080001bb   Thumb Code     0  startup_stm32f407xx.o(.text)
    EXTI15_10_IRQHandler                     0x080001bb   Thumb Code     0  startup_stm32f407xx.o(.text)
    EXTI1_IRQHandler                         0x080001bb   Thumb Code     0  startup_stm32f407xx.o(.text)
    EXTI3_IRQHandler                         0x080001bb   Thumb Code     0  startup_stm32f407xx.o(.text)
    EXTI4_IRQHandler                         0x080001bb   Thumb Code     0  startup_stm32f407xx.o(.text)
    EXTI9_5_IRQHandler                       0x080001bb   Thumb Code     0  startup_stm32f407xx.o(.text)
    FLASH_IRQHandler                         0x080001bb   Thumb Code     0  startup_stm32f407xx.o(.text)
    FMC_IRQHandler                           0x080001bb   Thumb Code     0  startup_stm32f407xx.o(.text)
    FPU_IRQHandler                           0x080001bb   Thumb Code     0  startup_stm32f407xx.o(.text)
    HASH_RNG_IRQHandler                      0x080001bb   Thumb Code     0  startup_stm32f407xx.o(.text)
    I2C1_ER_IRQHandler                       0x080001bb   Thumb Code     0  startup_stm32f407xx.o(.text)
    I2C1_EV_IRQHandler                       0x080001bb   Thumb Code     0  startup_stm32f407xx.o(.text)
    I2C2_ER_IRQHandler                       0x080001bb   Thumb Code     0  startup_stm32f407xx.o(.text)
    I2C2_EV_IRQHandler                       0x080001bb   Thumb Code     0  startup_stm32f407xx.o(.text)
    I2C3_ER_IRQHandler                       0x080001bb   Thumb Code     0  startup_stm32f407xx.o(.text)
    I2C3_EV_IRQHandler                       0x080001bb   Thumb Code     0  startup_stm32f407xx.o(.text)
    OTG_FS_IRQHandler                        0x080001bb   Thumb Code     0  startup_stm32f407xx.o(.text)
    OTG_FS_WKUP_IRQHandler                   0x080001bb   Thumb Code     0  startup_stm32f407xx.o(.text)
    OTG_HS_EP1_IN_IRQHandler                 0x080001bb   Thumb Code     0  startup_stm32f407xx.o(.text)
    OTG_HS_EP1_OUT_IRQHandler                0x080001bb   Thumb Code     0  startup_stm32f407xx.o(.text)
    OTG_HS_IRQHandler                        0x080001bb   Thumb Code     0  startup_stm32f407xx.o(.text)
    OTG_HS_WKUP_IRQHandler                   0x080001bb   Thumb Code     0  startup_stm32f407xx.o(.text)
    PVD_IRQHandler                           0x080001bb   Thumb Code     0  startup_stm32f407xx.o(.text)
    RCC_IRQHandler                           0x080001bb   Thumb Code     0  startup_stm32f407xx.o(.text)
    RTC_Alarm_IRQHandler                     0x080001bb   Thumb Code     0  startup_stm32f407xx.o(.text)
    RTC_WKUP_IRQHandler                      0x080001bb   Thumb Code     0  startup_stm32f407xx.o(.text)
    SDIO_IRQHandler                          0x080001bb   Thumb Code     0  startup_stm32f407xx.o(.text)
    SPI1_IRQHandler                          0x080001bb   Thumb Code     0  startup_stm32f407xx.o(.text)
    SPI2_IRQHandler                          0x080001bb   Thumb Code     0  startup_stm32f407xx.o(.text)
    SPI3_IRQHandler                          0x080001bb   Thumb Code     0  startup_stm32f407xx.o(.text)
    TAMP_STAMP_IRQHandler                    0x080001bb   Thumb Code     0  startup_stm32f407xx.o(.text)
    TIM1_BRK_TIM9_IRQHandler                 0x080001bb   Thumb Code     0  startup_stm32f407xx.o(.text)
    TIM1_CC_IRQHandler                       0x080001bb   Thumb Code     0  startup_stm32f407xx.o(.text)
    TIM1_TRG_COM_TIM11_IRQHandler            0x080001bb   Thumb Code     0  startup_stm32f407xx.o(.text)
    TIM1_UP_TIM10_IRQHandler                 0x080001bb   Thumb Code     0  startup_stm32f407xx.o(.text)
    TIM2_IRQHandler                          0x080001bb   Thumb Code     0  startup_stm32f407xx.o(.text)
    TIM3_IRQHandler                          0x080001bb   Thumb Code     0  startup_stm32f407xx.o(.text)
    TIM4_IRQHandler                          0x080001bb   Thumb Code     0  startup_stm32f407xx.o(.text)
    TIM5_IRQHandler                          0x080001bb   Thumb Code     0  startup_stm32f407xx.o(.text)
    TIM6_DAC_IRQHandler                      0x080001bb   Thumb Code     0  startup_stm32f407xx.o(.text)
    TIM7_IRQHandler                          0x080001bb   Thumb Code     0  startup_stm32f407xx.o(.text)
    TIM8_BRK_TIM12_IRQHandler                0x080001bb   Thumb Code     0  startup_stm32f407xx.o(.text)
    TIM8_TRG_COM_TIM14_IRQHandler            0x080001bb   Thumb Code     0  startup_stm32f407xx.o(.text)
    TIM8_UP_TIM13_IRQHandler                 0x080001bb   Thumb Code     0  startup_stm32f407xx.o(.text)
    UART4_IRQHandler                         0x080001bb   Thumb Code     0  startup_stm32f407xx.o(.text)
    UART5_IRQHandler                         0x080001bb   Thumb Code     0  startup_stm32f407xx.o(.text)
    USART2_IRQHandler                        0x080001bb   Thumb Code     0  startup_stm32f407xx.o(.text)
    USART3_IRQHandler                        0x080001bb   Thumb Code     0  startup_stm32f407xx.o(.text)
    USART6_IRQHandler                        0x080001bb   Thumb Code     0  startup_stm32f407xx.o(.text)
    WWDG_IRQHandler                          0x080001bb   Thumb Code     0  startup_stm32f407xx.o(.text)
    __aeabi_uldivmod                         0x080001c5   Thumb Code    98  uldiv.o(.text)
    atoi                                     0x08000227   Thumb Code    26  atoi.o(.text)
    __aeabi_dmul                             0x08000241   Thumb Code   228  dmul.o(.text)
    __aeabi_ddiv                             0x08000325   Thumb Code   222  ddiv.o(.text)
    __aeabi_i2d                              0x08000403   Thumb Code    34  dflti.o(.text)
    __aeabi_ui2d                             0x08000425   Thumb Code    26  dfltui.o(.text)
    __aeabi_d2iz                             0x0800043f   Thumb Code    62  dfixi.o(.text)
    __aeabi_f2d                              0x0800047d   Thumb Code    38  f2d.o(.text)
    __aeabi_d2f                              0x080004a3   Thumb Code    56  d2f.o(.text)
    __aeabi_uidiv                            0x080004db   Thumb Code     0  uidiv.o(.text)
    __aeabi_uidivmod                         0x080004db   Thumb Code    44  uidiv.o(.text)
    __aeabi_llsl                             0x08000507   Thumb Code    30  llshl.o(.text)
    _ll_shift_l                              0x08000507   Thumb Code     0  llshl.o(.text)
    __aeabi_llsr                             0x08000525   Thumb Code    32  llushr.o(.text)
    _ll_ushift_r                             0x08000525   Thumb Code     0  llushr.o(.text)
    strtol                                   0x08000545   Thumb Code   112  strtol.o(.text)
    __I$use$fp                               0x080005b5   Thumb Code     0  iusefp.o(.text)
    _float_round                             0x080005b5   Thumb Code    18  fepilogue.o(.text)
    _float_epilogue                          0x080005c7   Thumb Code    92  fepilogue.o(.text)
    _double_round                            0x08000623   Thumb Code    30  depilogue.o(.text)
    _double_epilogue                         0x08000641   Thumb Code   156  depilogue.o(.text)
    __aeabi_dadd                             0x080006dd   Thumb Code   322  dadd.o(.text)
    __aeabi_dsub                             0x0800081f   Thumb Code     6  dadd.o(.text)
    __aeabi_drsub                            0x08000825   Thumb Code     6  dadd.o(.text)
    _dsqrt                                   0x0800082b   Thumb Code   162  dsqrt.o(.text)
    __aeabi_d2ulz                            0x080008cd   Thumb Code    48  dfixul.o(.text)
    __aeabi_cdrcmple                         0x080008fd   Thumb Code    48  cdrcmple.o(.text)
    __scatterload                            0x0800092d   Thumb Code    28  init.o(.text)
    __scatterload_rt2                        0x0800092d   Thumb Code     0  init.o(.text)
    __aeabi_lasr                             0x08000951   Thumb Code    36  llsshr.o(.text)
    _ll_sshift_r                             0x08000951   Thumb Code     0  llsshr.o(.text)
    __rt_ctype_table                         0x08000975   Thumb Code     4  ctype_o.o(.text)
    _strtoul                                 0x0800097d   Thumb Code   158  _strtoul.o(.text)
    _chval                                   0x08000a1b   Thumb Code    28  _chval.o(.text)
    BusFault_Handler                         0x08000a37   Thumb Code     4  stm32f4xx_it.o(i.BusFault_Handler)
    CPU_TS_TmrRd                             0x08000a3d   Thumb Code     6  core_delay.o(i.CPU_TS_TmrRd)
    CPU_TS_Tmr_Delay_US                      0x08000a49   Thumb Code    76  core_delay.o(i.CPU_TS_Tmr_Delay_US)
    DEBUG_USART_Config                       0x08000a99   Thumb Code    52  bsp_debug_usart.o(i.DEBUG_USART_Config)
    DealSerialData                           0x08000ad5   Thumb Code   814  bsp_stepper_usart_ctl.o(i.DealSerialData)
    DebugMon_Handler                         0x08000ebd   Thumb Code     2  stm32f4xx_it.o(i.DebugMon_Handler)
    EXTI0_IRQHandler                         0x08000ec1   Thumb Code    38  bsp_exti.o(i.EXTI0_IRQHandler)
    EXTI2_IRQHandler                         0x08000ef1   Thumb Code    38  bsp_exti.o(i.EXTI2_IRQHandler)
    EXTI_Key_Config                          0x08000f21   Thumb Code   134  bsp_exti.o(i.EXTI_Key_Config)
    HAL_GPIO_Init                            0x08000fb9   Thumb Code   466  stm32f4xx_hal_gpio.o(i.HAL_GPIO_Init)
    HAL_GPIO_WritePin                        0x080011b9   Thumb Code    12  stm32f4xx_hal_gpio.o(i.HAL_GPIO_WritePin)
    HAL_GetREVID                             0x080011c5   Thumb Code     8  stm32f4xx_hal.o(i.HAL_GetREVID)
    HAL_GetTick                              0x080011d1   Thumb Code    18  core_delay.o(i.HAL_GetTick)
    HAL_IncTick                              0x080011ed   Thumb Code    16  stm32f4xx_hal.o(i.HAL_IncTick)
    HAL_InitTick                             0x08001205   Thumb Code    34  core_delay.o(i.HAL_InitTick)
    HAL_NVIC_EnableIRQ                       0x08001231   Thumb Code    32  stm32f4xx_hal_cortex.o(i.HAL_NVIC_EnableIRQ)
    HAL_NVIC_SetPriority                     0x08001251   Thumb Code   124  stm32f4xx_hal_cortex.o(i.HAL_NVIC_SetPriority)
    HAL_RCC_ClockConfig                      0x080012cd   Thumb Code   366  stm32f4xx_hal_rcc.o(i.HAL_RCC_ClockConfig)
    HAL_RCC_GetHCLKFreq                      0x0800144d   Thumb Code     6  stm32f4xx_hal_rcc.o(i.HAL_RCC_GetHCLKFreq)
    HAL_RCC_GetPCLK1Freq                     0x08001459   Thumb Code    22  stm32f4xx_hal_rcc.o(i.HAL_RCC_GetPCLK1Freq)
    HAL_RCC_GetPCLK2Freq                     0x08001479   Thumb Code    22  stm32f4xx_hal_rcc.o(i.HAL_RCC_GetPCLK2Freq)
    HAL_RCC_GetSysClockFreq                  0x08001499   Thumb Code   162  stm32f4xx_hal_rcc.o(i.HAL_RCC_GetSysClockFreq)
    HAL_RCC_OscConfig                        0x08001549   Thumb Code  1086  stm32f4xx_hal_rcc.o(i.HAL_RCC_OscConfig)
    HAL_TIM_OC_ConfigChannel                 0x08001991   Thumb Code   116  stm32f4xx_hal_tim.o(i.HAL_TIM_OC_ConfigChannel)
    HAL_TIM_OC_Init                          0x08001a05   Thumb Code    52  stm32f4xx_hal_tim.o(i.HAL_TIM_OC_Init)
    HAL_TIM_OC_MspInit                       0x08001a39   Thumb Code     2  stm32f4xx_hal_tim.o(i.HAL_TIM_OC_MspInit)
    HAL_TIM_OC_Stop_IT                       0x08001a3d   Thumb Code   196  stm32f4xx_hal_tim.o(i.HAL_TIM_OC_Stop_IT)
    HAL_UART_Init                            0x08001b09   Thumb Code   114  stm32f4xx_hal_uart.o(i.HAL_UART_Init)
    HAL_UART_MspInit                         0x08001b7d   Thumb Code   168  bsp_debug_usart.o(i.HAL_UART_MspInit)
    HAL_UART_Transmit                        0x08001c2d   Thumb Code   214  stm32f4xx_hal_uart.o(i.HAL_UART_Transmit)
    HardFault_Handler                        0x08001d03   Thumb Code     4  stm32f4xx_it.o(i.HardFault_Handler)
    LED_GPIO_Config                          0x08001d09   Thumb Code   190  bsp_led.o(i.LED_GPIO_Config)
    MSD_ENA                                  0x08001ddd   Thumb Code    62  bsp_stepper_t_speed.o(i.MSD_ENA)
    MSD_demo_run                             0x08001e2d   Thumb Code   204  bsp_stepper_usart_ctl.o(i.MSD_demo_run)
    MemManage_Handler                        0x08001f19   Thumb Code     4  stm32f4xx_it.o(i.MemManage_Handler)
    NMI_Handler                              0x08001f1d   Thumb Code     2  stm32f4xx_it.o(i.NMI_Handler)
    PendSV_Handler                           0x08001f1f   Thumb Code     2  stm32f4xx_it.o(i.PendSV_Handler)
    SVC_Handler                              0x08001f21   Thumb Code     2  stm32f4xx_it.o(i.SVC_Handler)
    ShowData                                 0x08001f25   Thumb Code   250  bsp_stepper_usart_ctl.o(i.ShowData)
    ShowHelp                                 0x080020b1   Thumb Code    70  bsp_stepper_usart_ctl.o(i.ShowHelp)
    StepperCounter                           0x080021c1   Thumb Code    28  bsp_stepper_t_speed.o(i.StepperCounter)
    SysTick_Handler                          0x0800228d   Thumb Code     8  stm32f4xx_it.o(i.SysTick_Handler)
    SystemClock_Config                       0x08002295   Thumb Code   180  main.o(i.SystemClock_Config)
    SystemInit                               0x08002355   Thumb Code    82  system_stm32f4xx.o(i.SystemInit)
    TIM8_CC_IRQHandler                       0x080023b9   Thumb Code     8  bsp_stepper_init.o(i.TIM8_CC_IRQHandler)
    TIM_Base_SetConfig                       0x080023c1   Thumb Code   170  stm32f4xx_hal_tim.o(i.TIM_Base_SetConfig)
    TIM_CCxChannelCmd                        0x08002499   Thumb Code    34  stm32f4xx_hal_tim.o(i.TIM_CCxChannelCmd)
    TIM_OC2_SetConfig                        0x0800252d   Thumb Code   114  stm32f4xx_hal_tim.o(i.TIM_OC2_SetConfig)
    TIM_PWMOUTPUT_Config                     0x08002675   Thumb Code   106  bsp_stepper_init.o(i.TIM_PWMOUTPUT_Config)
    USART1_IRQHandler                        0x08002ad5   Thumb Code   184  stm32f4xx_it.o(i.USART1_IRQHandler)
    UsageFault_Handler                       0x08002b9d   Thumb Code     4  stm32f4xx_it.o(i.UsageFault_Handler)
    Usart_SendByte                           0x08002ba1   Thumb Code     8  stm32f4xx_it.o(i.Usart_SendByte)
    __0printf                                0x08002bad   Thumb Code    22  printfa.o(i.__0printf)
    __1printf                                0x08002bad   Thumb Code     0  printfa.o(i.__0printf)
    __2printf                                0x08002bad   Thumb Code     0  printfa.o(i.__0printf)
    __c89printf                              0x08002bad   Thumb Code     0  printfa.o(i.__0printf)
    printf                                   0x08002bad   Thumb Code     0  printfa.o(i.__0printf)
    __aeabi_errno_addr                       0x08002c05   Thumb Code     4  errno.o(i.__aeabi_errno_addr)
    __rt_errno_addr                          0x08002c05   Thumb Code     0  errno.o(i.__aeabi_errno_addr)
    __hardfp_sqrt                            0x08002c0d   Thumb Code   122  sqrt.o(i.__hardfp_sqrt)
    __scatterload_copy                       0x08002c87   Thumb Code    14  handlers.o(i.__scatterload_copy)
    __scatterload_null                       0x08002c95   Thumb Code     2  handlers.o(i.__scatterload_null)
    __scatterload_zeroinit                   0x08002c97   Thumb Code    14  handlers.o(i.__scatterload_zeroinit)
    __set_errno                              0x08002ca5   Thumb Code     6  errno.o(i.__set_errno)
    fputc                                    0x0800353d   Thumb Code    22  bsp_debug_usart.o(i.fputc)
    main                                     0x08003559   Thumb Code    38  main.o(i.main)
    speed_decision                           0x080035b9   Thumb Code   518  bsp_stepper_t_speed.o(i.speed_decision)
    stepper_Init                             0x080037e1   Thumb Code    16  bsp_stepper_init.o(i.stepper_Init)
    stepper_move_T                           0x080037f1   Thumb Code   598  bsp_stepper_t_speed.o(i.stepper_move_T)
    uart_FlushRxBuffer                       0x08003a7d   Thumb Code    16  bsp_debug_usart.o(i.uart_FlushRxBuffer)
    AHBPrescTable                            0x08003a94   Data          16  system_stm32f4xx.o(.constdata)
    APBPrescTable                            0x08003aa4   Data           8  system_stm32f4xx.o(.constdata)
    __ctype_table                            0x08003aac   Data         129  ctype_o.o(.constdata)
    Region$$Table$$Base                      0x08003dbc   Number         0  anon$$obj.o(Region$$Table)
    Region$$Table$$Limit                     0x08003ddc   Number         0  anon$$obj.o(Region$$Table)
    SystemCoreClock                          0x20000000   Data           4  system_stm32f4xx.o(.data)
    uwTick                                   0x20000004   Data           4  stm32f4xx_hal.o(.data)
    uwTickPrio                               0x20000008   Data           4  stm32f4xx_hal.o(.data)
    uwTickFreq                               0x2000000c   Data           1  stm32f4xx_hal.o(.data)
    UART_RxPtr                               0x2000000d   Data           1  bsp_debug_usart.o(.data)
    stepPosition                             0x20000010   Data           4  bsp_stepper_t_speed.o(.data)
    status                                   0x20000014   Data           1  bsp_stepper_t_speed.o(.data)
    __stdout                                 0x20000038   Data           4  stdout.o(.data)
    UartHandle                               0x20000040   Data          64  bsp_debug_usart.o(.bss)
    UART_RxBuffer                            0x20000080   Data         256  bsp_debug_usart.o(.bss)
    TIM_TimeBaseStructure                    0x20000180   Data          64  bsp_stepper_init.o(.bss)
    srd                                      0x200001c0   Data          24  bsp_stepper_t_speed.o(.bss)
    __initial_sp                             0x200005d8   Data           0  startup_stm32f407xx.o(STACK)



==============================================================================

Memory Map of the image

  Image Entry point : 0x08000189

  Load Region LR_IROM1 (Base: 0x08000000, Size: 0x00003e1c, Max: 0x00100000, ABSOLUTE)

    Execution Region ER_IROM1 (Exec base: 0x08000000, Load base: 0x08000000, Size: 0x00003ddc, Max: 0x00100000, ABSOLUTE)

    Exec Addr    Load Addr    Size         Type   Attr      Idx    E Section Name        Object

    0x08000000   0x08000000   0x00000188   Data   RO            3    RESET               startup_stm32f407xx.o
    0x08000188   0x08000188   0x00000000   Code   RO         8783  * .ARM.Collect$$$$00000000  mc_w.l(entry.o)
    0x08000188   0x08000188   0x00000004   Code   RO         9069    .ARM.Collect$$$$00000001  mc_w.l(entry2.o)
    0x0800018c   0x0800018c   0x00000004   Code   RO         9072    .ARM.Collect$$$$00000004  mc_w.l(entry5.o)
    0x08000190   0x08000190   0x00000000   Code   RO         9074    .ARM.Collect$$$$00000008  mc_w.l(entry7b.o)
    0x08000190   0x08000190   0x00000000   Code   RO         9076    .ARM.Collect$$$$0000000A  mc_w.l(entry8b.o)
    0x08000190   0x08000190   0x00000008   Code   RO         9077    .ARM.Collect$$$$0000000B  mc_w.l(entry9a.o)
    0x08000198   0x08000198   0x00000004   Code   RO         9084    .ARM.Collect$$$$0000000E  mc_w.l(entry12b.o)
    0x0800019c   0x0800019c   0x00000000   Code   RO         9079    .ARM.Collect$$$$0000000F  mc_w.l(entry10a.o)
    0x0800019c   0x0800019c   0x00000000   Code   RO         9081    .ARM.Collect$$$$00000011  mc_w.l(entry11a.o)
    0x0800019c   0x0800019c   0x00000004   Code   RO         9070    .ARM.Collect$$$$00002712  mc_w.l(entry2.o)
    0x080001a0   0x080001a0   0x00000024   Code   RO            4    .text               startup_stm32f407xx.o
    0x080001c4   0x080001c4   0x00000062   Code   RO         8786    .text               mc_w.l(uldiv.o)
    0x08000226   0x08000226   0x0000001a   Code   RO         9053    .text               mc_w.l(atoi.o)
    0x08000240   0x08000240   0x000000e4   Code   RO         9055    .text               mf_w.l(dmul.o)
    0x08000324   0x08000324   0x000000de   Code   RO         9057    .text               mf_w.l(ddiv.o)
    0x08000402   0x08000402   0x00000022   Code   RO         9059    .text               mf_w.l(dflti.o)
    0x08000424   0x08000424   0x0000001a   Code   RO         9061    .text               mf_w.l(dfltui.o)
    0x0800043e   0x0800043e   0x0000003e   Code   RO         9063    .text               mf_w.l(dfixi.o)
    0x0800047c   0x0800047c   0x00000026   Code   RO         9065    .text               mf_w.l(f2d.o)
    0x080004a2   0x080004a2   0x00000038   Code   RO         9067    .text               mf_w.l(d2f.o)
    0x080004da   0x080004da   0x0000002c   Code   RO         9086    .text               mc_w.l(uidiv.o)
    0x08000506   0x08000506   0x0000001e   Code   RO         9088    .text               mc_w.l(llshl.o)
    0x08000524   0x08000524   0x00000020   Code   RO         9090    .text               mc_w.l(llushr.o)
    0x08000544   0x08000544   0x00000070   Code   RO         9099    .text               mc_w.l(strtol.o)
    0x080005b4   0x080005b4   0x00000000   Code   RO         9101    .text               mc_w.l(iusefp.o)
    0x080005b4   0x080005b4   0x0000006e   Code   RO         9102    .text               mf_w.l(fepilogue.o)
    0x08000622   0x08000622   0x000000ba   Code   RO         9104    .text               mf_w.l(depilogue.o)
    0x080006dc   0x080006dc   0x0000014e   Code   RO         9106    .text               mf_w.l(dadd.o)
    0x0800082a   0x0800082a   0x000000a2   Code   RO         9108    .text               mf_w.l(dsqrt.o)
    0x080008cc   0x080008cc   0x00000030   Code   RO         9110    .text               mf_w.l(dfixul.o)
    0x080008fc   0x080008fc   0x00000030   Code   RO         9114    .text               mf_w.l(cdrcmple.o)
    0x0800092c   0x0800092c   0x00000024   Code   RO         9116    .text               mc_w.l(init.o)
    0x08000950   0x08000950   0x00000024   Code   RO         9118    .text               mc_w.l(llsshr.o)
    0x08000974   0x08000974   0x00000008   Code   RO         9120    .text               mc_w.l(ctype_o.o)
    0x0800097c   0x0800097c   0x0000009e   Code   RO         9148    .text               mc_w.l(_strtoul.o)
    0x08000a1a   0x08000a1a   0x0000001c   Code   RO         9150    .text               mc_w.l(_chval.o)
    0x08000a36   0x08000a36   0x00000004   Code   RO         8374    i.BusFault_Handler  stm32f4xx_it.o
    0x08000a3a   0x08000a3a   0x00000002   PAD
    0x08000a3c   0x08000a3c   0x0000000c   Code   RO         8523    i.CPU_TS_TmrRd      core_delay.o
    0x08000a48   0x08000a48   0x00000050   Code   RO         8524    i.CPU_TS_Tmr_Delay_US  core_delay.o
    0x08000a98   0x08000a98   0x0000003c   Code   RO         8462    i.DEBUG_USART_Config  bsp_debug_usart.o
    0x08000ad4   0x08000ad4   0x000003e8   Code   RO         8730    i.DealSerialData    bsp_stepper_usart_ctl.o
    0x08000ebc   0x08000ebc   0x00000002   Code   RO         8375    i.DebugMon_Handler  stm32f4xx_it.o
    0x08000ebe   0x08000ebe   0x00000002   PAD
    0x08000ec0   0x08000ec0   0x00000030   Code   RO         8565    i.EXTI0_IRQHandler  bsp_exti.o
    0x08000ef0   0x08000ef0   0x00000030   Code   RO         8566    i.EXTI2_IRQHandler  bsp_exti.o
    0x08000f20   0x08000f20   0x00000098   Code   RO         8567    i.EXTI_Key_Config   bsp_exti.o
    0x08000fb8   0x08000fb8   0x00000200   Code   RO         2084    i.HAL_GPIO_Init     stm32f4xx_hal_gpio.o
    0x080011b8   0x080011b8   0x0000000c   Code   RO         2088    i.HAL_GPIO_WritePin  stm32f4xx_hal_gpio.o
    0x080011c4   0x080011c4   0x0000000c   Code   RO          262    i.HAL_GetREVID      stm32f4xx_hal.o
    0x080011d0   0x080011d0   0x0000001c   Code   RO         8525    i.HAL_GetTick       core_delay.o
    0x080011ec   0x080011ec   0x00000018   Code   RO          269    i.HAL_IncTick       stm32f4xx_hal.o
    0x08001204   0x08001204   0x0000002c   Code   RO         8526    i.HAL_InitTick      core_delay.o
    0x08001230   0x08001230   0x00000020   Code   RO          969    i.HAL_NVIC_EnableIRQ  stm32f4xx_hal_cortex.o
    0x08001250   0x08001250   0x0000007c   Code   RO          975    i.HAL_NVIC_SetPriority  stm32f4xx_hal_cortex.o
    0x080012cc   0x080012cc   0x00000180   Code   RO         4359    i.HAL_RCC_ClockConfig  stm32f4xx_hal_rcc.o
    0x0800144c   0x0800144c   0x0000000c   Code   RO         4364    i.HAL_RCC_GetHCLKFreq  stm32f4xx_hal_rcc.o
    0x08001458   0x08001458   0x00000020   Code   RO         4366    i.HAL_RCC_GetPCLK1Freq  stm32f4xx_hal_rcc.o
    0x08001478   0x08001478   0x00000020   Code   RO         4367    i.HAL_RCC_GetPCLK2Freq  stm32f4xx_hal_rcc.o
    0x08001498   0x08001498   0x000000b0   Code   RO         4368    i.HAL_RCC_GetSysClockFreq  stm32f4xx_hal_rcc.o
    0x08001548   0x08001548   0x00000448   Code   RO         4371    i.HAL_RCC_OscConfig  stm32f4xx_hal_rcc.o
    0x08001990   0x08001990   0x00000074   Code   RO         6060    i.HAL_TIM_OC_ConfigChannel  stm32f4xx_hal_tim.o
    0x08001a04   0x08001a04   0x00000034   Code   RO         6064    i.HAL_TIM_OC_Init   stm32f4xx_hal_tim.o
    0x08001a38   0x08001a38   0x00000002   Code   RO         6066    i.HAL_TIM_OC_MspInit  stm32f4xx_hal_tim.o
    0x08001a3a   0x08001a3a   0x00000002   PAD
    0x08001a3c   0x08001a3c   0x000000cc   Code   RO         6072    i.HAL_TIM_OC_Stop_IT  stm32f4xx_hal_tim.o
    0x08001b08   0x08001b08   0x00000072   Code   RO         6978    i.HAL_UART_Init     stm32f4xx_hal_uart.o
    0x08001b7a   0x08001b7a   0x00000002   PAD
    0x08001b7c   0x08001b7c   0x000000b0   Code   RO         8463    i.HAL_UART_MspInit  bsp_debug_usart.o
    0x08001c2c   0x08001c2c   0x000000d6   Code   RO         6986    i.HAL_UART_Transmit  stm32f4xx_hal_uart.o
    0x08001d02   0x08001d02   0x00000004   Code   RO         8376    i.HardFault_Handler  stm32f4xx_it.o
    0x08001d06   0x08001d06   0x00000002   PAD
    0x08001d08   0x08001d08   0x000000d4   Code   RO         8604    i.LED_GPIO_Config   bsp_led.o
    0x08001ddc   0x08001ddc   0x00000050   Code   RO         8680    i.MSD_ENA           bsp_stepper_t_speed.o
    0x08001e2c   0x08001e2c   0x000000ec   Code   RO         8731    i.MSD_demo_run      bsp_stepper_usart_ctl.o
    0x08001f18   0x08001f18   0x00000004   Code   RO         8377    i.MemManage_Handler  stm32f4xx_it.o
    0x08001f1c   0x08001f1c   0x00000002   Code   RO         8378    i.NMI_Handler       stm32f4xx_it.o
    0x08001f1e   0x08001f1e   0x00000002   Code   RO         8379    i.PendSV_Handler    stm32f4xx_it.o
    0x08001f20   0x08001f20   0x00000002   Code   RO         8380    i.SVC_Handler       stm32f4xx_it.o
    0x08001f22   0x08001f22   0x00000002   PAD
    0x08001f24   0x08001f24   0x0000018c   Code   RO         8732    i.ShowData          bsp_stepper_usart_ctl.o
    0x080020b0   0x080020b0   0x00000110   Code   RO         8733    i.ShowHelp          bsp_stepper_usart_ctl.o
    0x080021c0   0x080021c0   0x00000020   Code   RO         8681    i.StepperCounter    bsp_stepper_t_speed.o
    0x080021e0   0x080021e0   0x000000ac   Code   RO         8628    i.Stepper_GPIO_Config  bsp_stepper_init.o
    0x0800228c   0x0800228c   0x00000008   Code   RO         8381    i.SysTick_Handler   stm32f4xx_it.o
    0x08002294   0x08002294   0x000000c0   Code   RO         8306    i.SystemClock_Config  main.o
    0x08002354   0x08002354   0x00000064   Code   RO           14    i.SystemInit        system_stm32f4xx.o
    0x080023b8   0x080023b8   0x00000008   Code   RO         8629    i.TIM8_CC_IRQHandler  bsp_stepper_init.o
    0x080023c0   0x080023c0   0x000000d8   Code   RO         6104    i.TIM_Base_SetConfig  stm32f4xx_hal_tim.o
    0x08002498   0x08002498   0x00000022   Code   RO         6105    i.TIM_CCxChannelCmd  stm32f4xx_hal_tim.o
    0x080024ba   0x080024ba   0x00000002   PAD
    0x080024bc   0x080024bc   0x00000070   Code   RO         6117    i.TIM_OC1_SetConfig  stm32f4xx_hal_tim.o
    0x0800252c   0x0800252c   0x0000007c   Code   RO         6118    i.TIM_OC2_SetConfig  stm32f4xx_hal_tim.o
    0x080025a8   0x080025a8   0x00000078   Code   RO         6119    i.TIM_OC3_SetConfig  stm32f4xx_hal_tim.o
    0x08002620   0x08002620   0x00000054   Code   RO         6120    i.TIM_OC4_SetConfig  stm32f4xx_hal_tim.o
    0x08002674   0x08002674   0x00000078   Code   RO         8630    i.TIM_PWMOUTPUT_Config  bsp_stepper_init.o
    0x080026ec   0x080026ec   0x00000014   Code   RO         8631    i.TIMx_NVIC_Configuration  bsp_stepper_init.o
    0x08002700   0x08002700   0x00000368   Code   RO         7005    i.UART_SetConfig    stm32f4xx_hal_uart.o
    0x08002a68   0x08002a68   0x0000006c   Code   RO         7007    i.UART_WaitOnFlagUntilTimeout  stm32f4xx_hal_uart.o
    0x08002ad4   0x08002ad4   0x000000c8   Code   RO         8382    i.USART1_IRQHandler  stm32f4xx_it.o
    0x08002b9c   0x08002b9c   0x00000004   Code   RO         8383    i.UsageFault_Handler  stm32f4xx_it.o
    0x08002ba0   0x08002ba0   0x0000000c   Code   RO         8384    i.Usart_SendByte    stm32f4xx_it.o
    0x08002bac   0x08002bac   0x00000020   Code   RO         9025    i.__0printf         mc_w.l(printfa.o)
    0x08002bcc   0x08002bcc   0x00000010   Code   RO          982    i.__NVIC_GetPriorityGrouping  stm32f4xx_hal_cortex.o
    0x08002bdc   0x08002bdc   0x00000028   Code   RO          983    i.__NVIC_SetPriority  stm32f4xx_hal_cortex.o
    0x08002c04   0x08002c04   0x00000008   Code   RO         9092    i.__aeabi_errno_addr  mc_w.l(errno.o)
    0x08002c0c   0x08002c0c   0x0000007a   Code   RO         8771    i.__hardfp_sqrt     m_wm.l(sqrt.o)
    0x08002c86   0x08002c86   0x0000000e   Code   RO         9154    i.__scatterload_copy  mc_w.l(handlers.o)
    0x08002c94   0x08002c94   0x00000002   Code   RO         9155    i.__scatterload_null  mc_w.l(handlers.o)
    0x08002c96   0x08002c96   0x0000000e   Code   RO         9156    i.__scatterload_zeroinit  mc_w.l(handlers.o)
    0x08002ca4   0x08002ca4   0x0000000c   Code   RO         9094    i.__set_errno       mc_w.l(errno.o)
    0x08002cb0   0x08002cb0   0x00000184   Code   RO         9032    i._fp_digits        mc_w.l(printfa.o)
    0x08002e34   0x08002e34   0x000006b4   Code   RO         9033    i._printf_core      mc_w.l(printfa.o)
    0x080034e8   0x080034e8   0x00000024   Code   RO         9034    i._printf_post_padding  mc_w.l(printfa.o)
    0x0800350c   0x0800350c   0x0000002e   Code   RO         9035    i._printf_pre_padding  mc_w.l(printfa.o)
    0x0800353a   0x0800353a   0x00000002   PAD
    0x0800353c   0x0800353c   0x0000001c   Code   RO         8466    i.fputc             bsp_debug_usart.o
    0x08003558   0x08003558   0x00000060   Code   RO         8307    i.main              main.o
    0x080035b8   0x080035b8   0x00000228   Code   RO         8682    i.speed_decision    bsp_stepper_t_speed.o
    0x080037e0   0x080037e0   0x00000010   Code   RO         8632    i.stepper_Init      bsp_stepper_init.o
    0x080037f0   0x080037f0   0x0000028c   Code   RO         8683    i.stepper_move_T    bsp_stepper_t_speed.o
    0x08003a7c   0x08003a7c   0x00000018   Code   RO         8467    i.uart_FlushRxBuffer  bsp_debug_usart.o
    0x08003a94   0x08003a94   0x00000018   Data   RO           15    .constdata          system_stm32f4xx.o
    0x08003aac   0x08003aac   0x00000081   Data   RO         9121    .constdata          mc_w.l(ctype_o.o)
    0x08003b2d   0x08003b2d   0x00000003   PAD
    0x08003b30   0x08003b30   0x00000004   Data   RO         9122    .constdata          mc_w.l(ctype_o.o)
    0x08003b34   0x08003b34   0x0000008f   Data   RO         8685    .conststring        bsp_stepper_t_speed.o
    0x08003bc3   0x08003bc3   0x00000001   PAD
    0x08003bc4   0x08003bc4   0x000001f5   Data   RO         8734    .conststring        bsp_stepper_usart_ctl.o
    0x08003db9   0x08003db9   0x00000003   PAD
    0x08003dbc   0x08003dbc   0x00000020   Data   RO         9152    Region$$Table       anon$$obj.o


    Execution Region RW_IRAM1 (Exec base: 0x20000000, Load base: 0x08003ddc, Size: 0x000005d8, Max: 0x00020000, ABSOLUTE)

    Exec Addr    Load Addr    Size         Type   Attr      Idx    E Section Name        Object

    0x20000000   0x08003ddc   0x00000004   Data   RW           16    .data               system_stm32f4xx.o
    0x20000004   0x08003de0   0x00000009   Data   RW          277    .data               stm32f4xx_hal.o
    0x2000000d   0x08003de9   0x00000001   Data   RW         8469    .data               bsp_debug_usart.o
    0x2000000e   0x08003dea   0x00000002   PAD
    0x20000010   0x08003dec   0x00000011   Data   RW         8686    .data               bsp_stepper_t_speed.o
    0x20000021   0x08003dfd   0x00000003   PAD
    0x20000024   0x08003e00   0x00000014   Data   RW         8735    .data               bsp_stepper_usart_ctl.o
    0x20000038   0x08003e14   0x00000004   Data   RW         9085    .data               mc_w.l(stdout.o)
    0x2000003c   0x08003e18   0x00000004   Data   RW         9095    .data               mc_w.l(errno.o)
    0x20000040        -       0x00000140   Zero   RW         8468    .bss                bsp_debug_usart.o
    0x20000180        -       0x00000040   Zero   RW         8633    .bss                bsp_stepper_init.o
    0x200001c0        -       0x00000018   Zero   RW         8684    .bss                bsp_stepper_t_speed.o
    0x200001d8        -       0x00000400   Zero   RW            1    STACK               startup_stm32f407xx.o


==============================================================================

Image component sizes


      Code (inc. data)   RO Data    RW Data    ZI Data      Debug   Object Name

       288         30          0          1        320       3387   bsp_debug_usart.o
       248         38          0          0          0       2228   bsp_exti.o
       212         22          0          0          0       1094   bsp_led.o
       336         26          0          0         64       3971   bsp_stepper_init.o
      1316        110        143         17         24       5375   bsp_stepper_t_speed.o
      1904        566        501         20          0       3750   bsp_stepper_usart_ctl.o
       164         30          0          0          0       2422   core_delay.o
       288         70          0          0          0       3132   main.o
        36          8        392          0       1024       1004   startup_stm32f407xx.o
        36         12          0          9          0       2908   stm32f4xx_hal.o
       212         14          0          0          0      33207   stm32f4xx_hal_cortex.o
       524         46          0          0          0       2492   stm32f4xx_hal_gpio.o
      1732         84          0          0          0       5956   stm32f4xx_hal_rcc.o
      1064         90          0          0          0       8368   stm32f4xx_hal_tim.o
      1308          8          0          0          0       4000   stm32f4xx_hal_uart.o
       244         20          0          0          0       5907   stm32f4xx_it.o
       100         18         24          4          0     689175   system_stm32f4xx.o

    ----------------------------------------------------------------------
     10026       1192       1096         56       1432     778376   Object Totals
         0          0         32          0          0          0   (incl. Generated)
        14          0          4          5          0          0   (incl. Padding)

    ----------------------------------------------------------------------

      Code (inc. data)   RO Data    RW Data    ZI Data      Debug   Library Member Name

       122          0          0          0          0        148   sqrt.o
        28          0          0          0          0         68   _chval.o
       158          0          0          0          0         92   _strtoul.o
        26          0          0          0          0         80   atoi.o
         8          4        133          0          0         68   ctype_o.o
         0          0          0          0          0          0   entry.o
         0          0          0          0          0          0   entry10a.o
         0          0          0          0          0          0   entry11a.o
         4          0          0          0          0          0   entry12b.o
         8          4          0          0          0          0   entry2.o
         4          0          0          0          0          0   entry5.o
         0          0          0          0          0          0   entry7b.o
         0          0          0          0          0          0   entry8b.o
         8          4          0          0          0          0   entry9a.o
        20         10          0          4          0        136   errno.o
        30          0          0          0          0          0   handlers.o
        36          8          0          0          0         68   init.o
         0          0          0          0          0          0   iusefp.o
        30          0          0          0          0         68   llshl.o
        36          0          0          0          0         68   llsshr.o
        32          0          0          0          0         68   llushr.o
      2218         90          0          0          0        464   printfa.o
         0          0          0          4          0          0   stdout.o
       112          0          0          0          0         88   strtol.o
        44          0          0          0          0         80   uidiv.o
        98          0          0          0          0         92   uldiv.o
        48          0          0          0          0         68   cdrcmple.o
        56          0          0          0          0         88   d2f.o
       334          0          0          0          0        148   dadd.o
       222          0          0          0          0        100   ddiv.o
       186          0          0          0          0        176   depilogue.o
        62          0          0          0          0         80   dfixi.o
        48          0          0          0          0         68   dfixul.o
        34          0          0          0          0         76   dflti.o
        26          0          0          0          0         76   dfltui.o
       228          0          0          0          0         96   dmul.o
       162          0          0          0          0        100   dsqrt.o
        38          0          0          0          0         68   f2d.o
       110          0          0          0          0        168   fepilogue.o

    ----------------------------------------------------------------------
      4578        120        136          8          0       2900   Library Totals
         2          0          3          0          0          0   (incl. Padding)

    ----------------------------------------------------------------------

      Code (inc. data)   RO Data    RW Data    ZI Data      Debug   Library Name

       122          0          0          0          0        148   m_wm.l
      2900        120        133          8          0       1440   mc_w.l
      1554          0          0          0          0       1312   mf_w.l

    ----------------------------------------------------------------------
      4578        120        136          8          0       2900   Library Totals

    ----------------------------------------------------------------------

==============================================================================


      Code (inc. data)   RO Data    RW Data    ZI Data      Debug   

     14604       1312       1232         64       1432     773876   Grand Totals
     14604       1312       1232         64       1432     773876   ELF Image Totals
     14604       1312       1232         64          0          0   ROM Totals

==============================================================================

    Total RO  Size (Code + RO Data)                15836 (  15.46kB)
    Total RW  Size (RW Data + ZI Data)              1496 (   1.46kB)
    Total ROM Size (Code + RO Data + RW Data)      15900 (  15.53kB)

==============================================================================

